Component: ARM Compiler 5.06 update 6 (build 750) Tool: armlink [4d35ed]

==============================================================================

Section Cross References

    startup_stm32f103xb.o(STACK) refers (Special) to heapauxi.o(.text) for __use_two_region_memory
    startup_stm32f103xb.o(HEAP) refers (Special) to heapauxi.o(.text) for __use_two_region_memory
    startup_stm32f103xb.o(RESET) refers (Special) to heapauxi.o(.text) for __use_two_region_memory
    startup_stm32f103xb.o(RESET) refers to startup_stm32f103xb.o(STACK) for __initial_sp
    startup_stm32f103xb.o(RESET) refers to startup_stm32f103xb.o(.text) for Reset_Handler
    startup_stm32f103xb.o(RESET) refers to stm32f1xx_it.o(i.NMI_Handler) for NMI_Handler
    startup_stm32f103xb.o(RESET) refers to stm32f1xx_it.o(i.HardFault_Handler) for HardFault_Handler
    startup_stm32f103xb.o(RESET) refers to stm32f1xx_it.o(i.MemManage_Handler) for MemManage_Handler
    startup_stm32f103xb.o(RESET) refers to stm32f1xx_it.o(i.BusFault_Handler) for BusFault_Handler
    startup_stm32f103xb.o(RESET) refers to stm32f1xx_it.o(i.UsageFault_Handler) for UsageFault_Handler
    startup_stm32f103xb.o(RESET) refers to stm32f1xx_it.o(i.DebugMon_Handler) for DebugMon_Handler
    startup_stm32f103xb.o(RESET) refers to stm32f1xx_it.o(i.SysTick_Handler) for SysTick_Handler
    startup_stm32f103xb.o(RESET) refers to stm32f1xx_it.o(i.EXTI3_IRQHandler) for EXTI3_IRQHandler
    startup_stm32f103xb.o(.text) refers (Special) to heapauxi.o(.text) for __use_two_region_memory
    startup_stm32f103xb.o(.text) refers to system_stm32f1xx.o(i.SystemInit) for SystemInit
    startup_stm32f103xb.o(.text) refers to __main.o(!!!main) for __main
    startup_stm32f103xb.o(.text) refers to startup_stm32f103xb.o(HEAP) for Heap_Mem
    startup_stm32f103xb.o(.text) refers to startup_stm32f103xb.o(STACK) for Stack_Mem
    dht11.o(i.delay_us) refers to main.o(.bss) for htim1
    lora.o(i.LoRa_BurstWrite) refers to stm32f1xx_hal_gpio.o(i.HAL_GPIO_WritePin) for HAL_GPIO_WritePin
    lora.o(i.LoRa_BurstWrite) refers to stm32f1xx_hal_spi.o(i.HAL_SPI_Transmit) for HAL_SPI_Transmit
    lora.o(i.LoRa_BurstWrite) refers to stm32f1xx_hal_spi.o(i.HAL_SPI_GetState) for HAL_SPI_GetState
    lora.o(i.LoRa_getRSSI) refers to lora.o(i.LoRa_read) for LoRa_read
    lora.o(i.LoRa_gotoMode) refers to lora.o(i.LoRa_read) for LoRa_read
    lora.o(i.LoRa_gotoMode) refers to lora.o(i.LoRa_write) for LoRa_write
    lora.o(i.LoRa_init) refers to lora.o(i.LoRa_gotoMode) for LoRa_gotoMode
    lora.o(i.LoRa_init) refers to stm32f1xx_hal.o(i.HAL_Delay) for HAL_Delay
    lora.o(i.LoRa_init) refers to lora.o(i.LoRa_read) for LoRa_read
    lora.o(i.LoRa_init) refers to lora.o(i.LoRa_write) for LoRa_write
    lora.o(i.LoRa_init) refers to lora.o(i.LoRa_setFrequency) for LoRa_setFrequency
    lora.o(i.LoRa_init) refers to lora.o(i.LoRa_setPower) for LoRa_setPower
    lora.o(i.LoRa_init) refers to lora.o(i.LoRa_setOCP) for LoRa_setOCP
    lora.o(i.LoRa_init) refers to lora.o(i.LoRa_setTOMsb_setCRCon) for LoRa_setTOMsb_setCRCon
    lora.o(i.LoRa_init) refers to lora.o(i.LoRa_setSpreadingFactor) for LoRa_setSpreadingFactor
    lora.o(i.LoRa_read) refers to lora.o(i.LoRa_readReg) for LoRa_readReg
    lora.o(i.LoRa_readReg) refers to stm32f1xx_hal_gpio.o(i.HAL_GPIO_WritePin) for HAL_GPIO_WritePin
    lora.o(i.LoRa_readReg) refers to stm32f1xx_hal_spi.o(i.HAL_SPI_Transmit) for HAL_SPI_Transmit
    lora.o(i.LoRa_readReg) refers to stm32f1xx_hal_spi.o(i.HAL_SPI_GetState) for HAL_SPI_GetState
    lora.o(i.LoRa_readReg) refers to stm32f1xx_hal_spi.o(i.HAL_SPI_Receive) for HAL_SPI_Receive
    lora.o(i.LoRa_receive) refers to lora.o(i.LoRa_gotoMode) for LoRa_gotoMode
    lora.o(i.LoRa_receive) refers to lora.o(i.LoRa_read) for LoRa_read
    lora.o(i.LoRa_receive) refers to lora.o(i.LoRa_write) for LoRa_write
    lora.o(i.LoRa_reset) refers to stm32f1xx_hal_gpio.o(i.HAL_GPIO_WritePin) for HAL_GPIO_WritePin
    lora.o(i.LoRa_reset) refers to stm32f1xx_hal.o(i.HAL_Delay) for HAL_Delay
    lora.o(i.LoRa_setFrequency) refers to lora.o(i.LoRa_write) for LoRa_write
    lora.o(i.LoRa_setFrequency) refers to stm32f1xx_hal.o(i.HAL_Delay) for HAL_Delay
    lora.o(i.LoRa_setOCP) refers to lora.o(i.LoRa_write) for LoRa_write
    lora.o(i.LoRa_setOCP) refers to stm32f1xx_hal.o(i.HAL_Delay) for HAL_Delay
    lora.o(i.LoRa_setPower) refers to lora.o(i.LoRa_write) for LoRa_write
    lora.o(i.LoRa_setPower) refers to stm32f1xx_hal.o(i.HAL_Delay) for HAL_Delay
    lora.o(i.LoRa_setSpreadingFactor) refers to lora.o(i.LoRa_read) for LoRa_read
    lora.o(i.LoRa_setSpreadingFactor) refers to stm32f1xx_hal.o(i.HAL_Delay) for HAL_Delay
    lora.o(i.LoRa_setSpreadingFactor) refers to lora.o(i.LoRa_write) for LoRa_write
    lora.o(i.LoRa_setTOMsb_setCRCon) refers to lora.o(i.LoRa_read) for LoRa_read
    lora.o(i.LoRa_setTOMsb_setCRCon) refers to lora.o(i.LoRa_write) for LoRa_write
[...]
    ../Drivers/STM32F1xx_HAL_Driver/Src/stm32f1xx_hal_rcc.c 0x00000000   Number         0  stm32f1xx_hal_rcc.o ABSOLUTE
    ../Drivers/STM32F1xx_HAL_Driver/Src/stm32f1xx_hal_rcc_ex.c 0x00000000   Number         0  stm32f1xx_hal_rcc_ex.o ABSOLUTE
    ../Drivers/STM32F1xx_HAL_Driver/Src/stm32f1xx_hal_spi.c 0x00000000   Number         0  stm32f1xx_hal_spi.o ABSOLUTE
    ../Drivers/STM32F1xx_HAL_Driver/Src/stm32f1xx_hal_spi_ex.c 0x00000000   Number         0  stm32f1xx_hal_spi_ex.o ABSOLUTE
    ../Drivers/STM32F1xx_HAL_Driver/Src/stm32f1xx_hal_tim.c 0x00000000   Number         0  stm32f1xx_hal_tim.o ABSOLUTE
    ../Drivers/STM32F1xx_HAL_Driver/Src/stm32f1xx_hal_tim_ex.c 0x00000000   Number         0  stm32f1xx_hal_tim_ex.o ABSOLUTE
    ../Src/main.c                            0x00000000   Number         0  main.o ABSOLUTE
    ../Src/stm32f1xx_hal_msp.c               0x00000000   Number         0  stm32f1xx_hal_msp.o ABSOLUTE
    ../Src/stm32f1xx_it.c                    0x00000000   Number         0  stm32f1xx_it.o ABSOLUTE
    ../Src/system_stm32f1xx.c                0x00000000   Number         0  system_stm32f1xx.o ABSOLUTE
    ../clib/angel/boardlib.s                 0x00000000   Number         0  boardinit3.o ABSOLUTE
    ../clib/angel/boardlib.s                 0x00000000   Number         0  boardshut.o ABSOLUTE
    ../clib/angel/boardlib.s                 0x00000000   Number         0  boardinit1.o ABSOLUTE
    ../clib/angel/boardlib.s                 0x00000000   Number         0  boardinit2.o ABSOLUTE
    ../clib/angel/handlers.s                 0x00000000   Number         0  __scatter_copy.o ABSOLUTE
    ../clib/angel/handlers.s                 0x00000000   Number         0  __scatter_zi.o ABSOLUTE
    ../clib/angel/kernel.s                   0x00000000   Number         0  __rtentry2.o ABSOLUTE
    ../clib/angel/kernel.s                   0x00000000   Number         0  rtexit2.o ABSOLUTE
    ../clib/angel/kernel.s                   0x00000000   Number         0  __rtentry4.o ABSOLUTE
    ../clib/angel/kernel.s                   0x00000000   Number         0  __rtentry.o ABSOLUTE
    ../clib/angel/kernel.s                   0x00000000   Number         0  rtexit.o ABSOLUTE
    ../clib/angel/rt.s                       0x00000000   Number         0  rt_raise.o ABSOLUTE
    ../clib/angel/scatter.s                  0x00000000   Number         0  __scatter.o ABSOLUTE
    ../clib/angel/startup.s                  0x00000000   Number         0  __main.o ABSOLUTE
    ../clib/angel/sys.s                      0x00000000   Number         0  use_no_semi.o ABSOLUTE
    ../clib/angel/sys.s                      0x00000000   Number         0  indicate_semi.o ABSOLUTE
    ../clib/angel/sys.s                      0x00000000   Number         0  sys_stackheap_outer.o ABSOLUTE
    ../clib/angel/sys.s                      0x00000000   Number         0  libspace.o ABSOLUTE
    ../clib/angel/sysapp.c                   0x00000000   Number         0  sys_command.o ABSOLUTE
    ../clib/angel/sysapp.c                   0x00000000   Number         0  sys_exit.o ABSOLUTE
    ../clib/angel/sysapp.c                   0x00000000   Number         0  sys_wrch.o ABSOLUTE
    ../clib/armsys.c                         0x00000000   Number         0  _get_argv_nomalloc.o ABSOLUTE
    ../clib/armsys.c                         0x00000000   Number         0  no_argv.o ABSOLUTE
    ../clib/armsys.c                         0x00000000   Number         0  argv_veneer.o ABSOLUTE
    ../clib/armsys.c                         0x00000000   Number         0  argv_veneer.o ABSOLUTE
    ../clib/heapalloc.c                      0x00000000   Number         0  hrguard.o ABSOLUTE
    ../clib/heapaux.c                        0x00000000   Number         0  heapauxi.o ABSOLUTE
    ../clib/libinit.s                        0x00000000   Number         0  libshutdown2.o ABSOLUTE
    ../clib/libinit.s                        0x00000000   Number         0  libinit2.o ABSOLUTE
    ../clib/libinit.s                        0x00000000   Number         0  libinit.o ABSOLUTE
    ../clib/libinit.s                        0x00000000   Number         0  libshutdown.o ABSOLUTE
    ../clib/longlong.s                       0x00000000   Number         0  llushr.o ABSOLUTE
    ../clib/memcpset.s                       0x00000000   Number         0  strcmpv7m.o ABSOLUTE
    ../clib/memcpset.s                       0x00000000   Number         0  rt_memclr_w.o ABSOLUTE
    ../clib/memcpset.s                       0x00000000   Number         0  rt_memcpy_w.o ABSOLUTE
    ../clib/misc.s                           0x00000000   Number         0  printf_stubs.o ABSOLUTE
    ../clib/printf.c                         0x00000000   Number         0  noretval__2sprintf.o ABSOLUTE
    ../clib/printf.c                         0x00000000   Number         0  __printf_flags_ss.o ABSOLUTE
    ../clib/printf.c                         0x00000000   Number         0  __2sprintf.o ABSOLUTE
    ../clib/printf.c                         0x00000000   Number         0  _printf_dec.o ABSOLUTE
    ../clib/printf.c                         0x00000000   Number         0  __printf_wp.o ABSOLUTE
    ../clib/printf.c                         0x00000000   Number         0  __printf_ss_wp.o ABSOLUTE
    ../clib/printf.c                         0x00000000   Number         0  __printf_flags_ss_wp.o ABSOLUTE
    ../clib/printf.c                         0x00000000   Number         0  __printf_nopercent.o ABSOLUTE
    ../clib/printf.c                         0x00000000   Number         0  __printf_flags_wp.o ABSOLUTE
    ../clib/printf.c                         0x00000000   Number         0  __printf.o ABSOLUTE
    ../clib/printf.c                         0x00000000   Number         0  _sputc.o ABSOLUTE
    ../clib/printf.c                         0x00000000   Number         0  _printf_char_common.o ABSOLUTE
    ../clib/printf.c                         0x00000000   Number         0  _printf_intcommon.o ABSOLUTE
    ../clib/printf.c                         0x00000000   Number         0  __printf_flags.o ABSOLUTE
    ../clib/printf.c                         0x00000000   Number         0  __printf_ss.o ABSOLUTE
    ../clib/printf_percent.s                 0x00000000   Number         0  _printf_d.o ABSOLUTE
    ../clib/printf_percent.s                 0x00000000   Number         0  _printf_percent.o ABSOLUTE
    ../clib/printf_percent.s                 0x00000000   Number         0  _printf_percent_end.o ABSOLUTE
    ../clib/signal.c                         0x00000000   Number         0  defsig_stak_inner.o ABSOLUTE
    ../clib/signal.c                         0x00000000   Number         0  defsig_rtred_inner.o ABSOLUTE
    ../clib/signal.c                         0x00000000   Number         0  defsig_fpe_inner.o ABSOLUTE
    ../clib/signal.c                         0x00000000   Number         0  defsig_abrt_inner.o ABSOLUTE
    ../clib/signal.c                         0x00000000   Number         0  defsig_general.o ABSOLUTE
    ../clib/signal.c                         0x00000000   Number         0  __raise.o ABSOLUTE
    ../clib/signal.c                         0x00000000   Number         0  defsig_rtmem_inner.o ABSOLUTE
    ../clib/signal.c                         0x00000000   Number         0  defsig_exit.o ABSOLUTE
    ../clib/signal.c                         0x00000000   Number         0  defsig_rtmem_formal.o ABSOLUTE
    ../clib/signal.c                         0x00000000   Number         0  defsig_rtmem_outer.o ABSOLUTE
    ../clib/signal.c                         0x00000000   Number         0  defsig_other.o ABSOLUTE
    ../clib/signal.c                         0x00000000   Number         0  defsig_segv_inner.o ABSOLUTE
    ../clib/signal.c                         0x00000000   Number         0  defsig_cppl_inner.o ABSOLUTE
    ../clib/signal.c                         0x00000000   Number         0  defsig_pvfn_inner.o ABSOLUTE
    ../clib/signal.s                         0x00000000   Number         0  defsig.o ABSOLUTE
    ../clib/stdlib.c                         0x00000000   Number         0  exit.o ABSOLUTE
    ../fplib/d2f.s                           0x00000000   Number         0  d2f.o ABSOLUTE
    ../fplib/ddiv.s                          0x00000000   Number         0  ddiv.o ABSOLUTE
    ../fplib/dflt.s                          0x00000000   Number         0  dflt_clz.o ABSOLUTE
    ../fplib/dnaninf.s                       0x00000000   Number         0  dnaninf.o ABSOLUTE
    ../fplib/dretinf.s                       0x00000000   Number         0  dretinf.o ABSOLUTE
    ../fplib/faddsub.s                       0x00000000   Number         0  faddsub_clz.o ABSOLUTE
    ../fplib/ffix.s                          0x00000000   Number         0  ffix.o ABSOLUTE
    ../fplib/fflt.s                          0x00000000   Number         0  fflt_clz.o ABSOLUTE
    ../fplib/fnaninf.s                       0x00000000   Number         0  fnaninf.o ABSOLUTE
    ../fplib/fpinit.s                        0x00000000   Number         0  fpinit.o ABSOLUTE
    ../fplib/fretinf.s                       0x00000000   Number         0  fretinf.o ABSOLUTE
    ../fplib/usenofp.s                       0x00000000   Number         0  usenofp.o ABSOLUTE
    ..\Drivers\STM32F1xx_HAL_Driver\Src\stm32f1xx_hal.c 0x00000000   Number         0  stm32f1xx_hal.o ABSOLUTE
    ..\Drivers\STM32F1xx_HAL_Driver\Src\stm32f1xx_hal_adc.c 0x00000000   Number         0  stm32f1xx_hal_adc.o ABSOLUTE
    ..\Drivers\STM32F1xx_HAL_Driver\Src\stm32f1xx_hal_adc_ex.c 0x00000000   Number         0  stm32f1xx_hal_adc_ex.o ABSOLUTE
    ..\Drivers\STM32F1xx_HAL_Driver\Src\stm32f1xx_hal_cortex.c 0x00000000   Number         0  stm32f1xx_hal_cortex.o ABSOLUTE
    ..\Drivers\STM32F1xx_HAL_Driver\Src\stm32f1xx_hal_dma.c 0x00000000   Number         0  stm32f1xx_hal_dma.o ABSOLUTE
    ..\Drivers\STM32F1xx_HAL_Driver\Src\stm32f1xx_hal_flash.c 0x00000000   Number         0  stm32f1xx_hal_flash.o ABSOLUTE
    ..\Drivers\STM32F1xx_HAL_Driver\Src\stm32f1xx_hal_flash_ex.c 0x00000000   Number         0  stm32f1xx_hal_flash_ex.o ABSOLUTE
    ..\Drivers\STM32F1xx_HAL_Driver\Src\stm32f1xx_hal_gpio.c 0x00000000   Number         0  stm32f1xx_hal_gpio.o ABSOLUTE
    ..\Drivers\STM32F1xx_HAL_Driver\Src\stm32f1xx_hal_pwr.c 0x00000000   Number         0  stm32f1xx_hal_pwr.o ABSOLUTE
    ..\Drivers\STM32F1xx_HAL_Driver\Src\stm32f1xx_hal_rcc.c 0x00000000   Number         0  stm32f1xx_hal_rcc.o ABSOLUTE
    ..\Drivers\STM32F1xx_HAL_Driver\Src\stm32f1xx_hal_rcc_ex.c 0x00000000   Number         0  stm32f1xx_hal_rcc_ex.o ABSOLUTE
    ..\Drivers\STM32F1xx_HAL_Driver\Src\stm32f1xx_hal_spi.c 0x00000000   Number         0  stm32f1xx_hal_spi.o ABSOLUTE
    ..\Drivers\STM32F1xx_HAL_Driver\Src\stm32f1xx_hal_spi_ex.c 0x00000000   Number         0  stm32f1xx_hal_spi_ex.o ABSOLUTE
    ..\Drivers\STM32F1xx_HAL_Driver\Src\stm32f1xx_hal_tim.c 0x00000000   Number         0  stm32f1xx_hal_tim.o ABSOLUTE
    ..\Drivers\STM32F1xx_HAL_Driver\Src\stm32f1xx_hal_tim_ex.c 0x00000000   Number         0  stm32f1xx_hal_tim_ex.o ABSOLUTE
    ..\MyLib\DHT11.c                         0x00000000   Number         0  dht11.o ABSOLUTE
    ..\MyLib\LoRa.c                          0x00000000   Number         0  lora.o ABSOLUTE
    ..\MyLib\Soil_moisture.c                 0x00000000   Number         0  soil_moisture.o ABSOLUTE
    ..\Src\main.c                            0x00000000   Number         0  main.o ABSOLUTE
    ..\Src\stm32f1xx_hal_msp.c               0x00000000   Number         0  stm32f1xx_hal_msp.o ABSOLUTE
    ..\Src\stm32f1xx_it.c                    0x00000000   Number         0  stm32f1xx_it.o ABSOLUTE
    ..\Src\system_stm32f1xx.c                0x00000000   Number         0  system_stm32f1xx.o ABSOLUTE
    ..\\MyLib\\DHT11.c                       0x00000000   Number         0  dht11.o ABSOLUTE
    ..\\MyLib\\LoRa.c                        0x00000000   Number         0  lora.o ABSOLUTE
    ..\\MyLib\\Soil_moisture.c               0x00000000   Number         0  soil_moisture.o ABSOLUTE
    dc.s                                     0x00000000   Number         0  dc.o ABSOLUTE
    startup_stm32f103xb.s                    0x00000000   Number         0  startup_stm32f103xb.o ABSOLUTE
    RESET                                    0x08000000   Section      236  startup_stm32f103xb.o(RESET)
    !!!main                                  0x080000ec   Section        8  __main.o(!!!main)
    !!!scatter                               0x080000f4   Section       52  __scatter.o(!!!scatter)
    !!handler_copy                           0x08000128   Section       26  __scatter_copy.o(!!handler_copy)
    !!handler_zi                             0x08000144   Section       28  __scatter_zi.o(!!handler_zi)
    .ARM.Collect$$_printf_percent$$00000000  0x08000160   Section        0  _printf_percent.o(.ARM.Collect$$_printf_percent$$00000000)
    .ARM.Collect$$_printf_percent$$00000009  0x08000160   Section        6  _printf_d.o(.ARM.Collect$$_printf_percent$$00000009)
    .ARM.Collect$$_printf_percent$$00000017  0x08000166   Section        4  _printf_percent_end.o(.ARM.Collect$$_printf_percent$$00000017)
    .ARM.Collect$$libinit$$00000000          0x0800016a   Section        2  libinit.o(.ARM.Collect$$libinit$$00000000)
    .ARM.Collect$$libinit$$00000002          0x0800016c   Section        0  libinit2.o(.ARM.Collect$$libinit$$00000002)
    .ARM.Collect$$libinit$$00000004          0x0800016c   Section        0  libinit2.o(.ARM.Collect$$libinit$$00000004)
    .ARM.Collect$$libinit$$0000000A          0x0800016c   Section        0  libinit2.o(.ARM.Collect$$libinit$$0000000A)
    .ARM.Collect$$libinit$$0000000C          0x0800016c   Section        0  libinit2.o(.ARM.Collect$$libinit$$0000000C)
    .ARM.Collect$$libinit$$0000000E          0x0800016c   Section        0  libinit2.o(.ARM.Collect$$libinit$$0000000E)
    .ARM.Collect$$libinit$$00000011          0x0800016c   Section        0  libinit2.o(.ARM.Collect$$libinit$$00000011)
    .ARM.Collect$$libinit$$00000013          0x0800016c   Section        0  libinit2.o(.ARM.Collect$$libinit$$00000013)
    .ARM.Collect$$libinit$$00000015          0x0800016c   Section        0  libinit2.o(.ARM.Collect$$libinit$$00000015)
    .ARM.Collect$$libinit$$00000017          0x0800016c   Section        0  libinit2.o(.ARM.Collect$$libinit$$00000017)
    .ARM.Collect$$libinit$$00000019          0x0800016c   Section        0  libinit2.o(.ARM.Collect$$libinit$$00000019)
    .ARM.Collect$$libinit$$0000001B          0x0800016c   Section        0  libinit2.o(.ARM.Collect$$libinit$$0000001B)
    .ARM.Collect$$libinit$$0000001D          0x0800016c   Section        0  libinit2.o(.ARM.Collect$$libinit$$0000001D)
    .ARM.Collect$$libinit$$0000001F          0x0800016c   Section        0  libinit2.o(.ARM.Collect$$libinit$$0000001F)
    .ARM.Collect$$libinit$$00000021          0x0800016c   Section        0  libinit2.o(.ARM.Collect$$libinit$$00000021)
    .ARM.Collect$$libinit$$00000023          0x0800016c   Section        0  libinit2.o(.ARM.Collect$$libinit$$00000023)
    .ARM.Collect$$libinit$$00000025          0x0800016c   Section        0  libinit2.o(.ARM.Collect$$libinit$$00000025)
    .ARM.Collect$$libinit$$0000002C          0x0800016c   Section        0  libinit2.o(.ARM.Collect$$libinit$$0000002C)
    .ARM.Collect$$libinit$$0000002E          0x0800016c   Section        0  libinit2.o(.ARM.Collect$$libinit$$0000002E)
    .ARM.Collect$$libinit$$00000030          0x0800016c   Section        0  libinit2.o(.ARM.Collect$$libinit$$00000030)
    .ARM.Collect$$libinit$$00000032          0x0800016c   Section        0  libinit2.o(.ARM.Collect$$libinit$$00000032)
    .ARM.Collect$$libinit$$00000033          0x0800016c   Section        2  libinit2.o(.ARM.Collect$$libinit$$00000033)
    .ARM.Collect$$libshutdown$$00000000      0x0800016e   Section        2  libshutdown.o(.ARM.Collect$$libshutdown$$00000000)
    .ARM.Collect$$libshutdown$$00000002      0x08000170   Section        0  libshutdown2.o(.ARM.Collect$$libshutdown$$00000002)
    .ARM.Collect$$libshutdown$$00000004      0x08000170   Section        0  libshutdown2.o(.ARM.Collect$$libshutdown$$00000004)
    .ARM.Collect$$libshutdown$$00000007      0x08000170   Section        0  libshutdown2.o(.ARM.Collect$$libshutdown$$00000007)
    .ARM.Collect$$libshutdown$$0000000A      0x08000170   Section        0  libshutdown2.o(.ARM.Collect$$libshutdown$$0000000A)
    .ARM.Collect$$libshutdown$$0000000C      0x08000170   Section        0  libshutdown2.o(.ARM.Collect$$libshutdown$$0000000C)
    .ARM.Collect$$libshutdown$$0000000F      0x08000170   Section        0  libshutdown2.o(.ARM.Collect$$libshutdown$$0000000F)
    .ARM.Collect$$libshutdown$$00000010      0x08000170   Section        2  libshutdown2.o(.ARM.Collect$$libshutdown$$00000010)
    .ARM.Collect$$rtentry$$00000000          0x08000172   Section        0  __rtentry.o(.ARM.Collect$$rtentry$$00000000)
    .ARM.Collect$$rtentry$$00000002          0x08000172   Section        0  __rtentry2.o(.ARM.Collect$$rtentry$$00000002)
    .ARM.Collect$$rtentry$$00000004          0x08000172   Section        6  __rtentry4.o(.ARM.Collect$$rtentry$$00000004)
    .ARM.Collect$$rtentry$$00000009          0x08000178   Section        0  __rtentry2.o(.ARM.Collect$$rtentry$$00000009)
    .ARM.Collect$$rtentry$$0000000A          0x08000178   Section        4  __rtentry2.o(.ARM.Collect$$rtentry$$0000000A)
    .ARM.Collect$$rtentry$$0000000C          0x0800017c   Section        0  __rtentry2.o(.ARM.Collect$$rtentry$$0000000C)
    .ARM.Collect$$rtentry$$0000000D          0x0800017c   Section        8  __rtentry2.o(.ARM.Collect$$rtentry$$0000000D)
    .ARM.Collect$$rtexit$$00000000           0x08000184   Section        2  rtexit.o(.ARM.Collect$$rtexit$$00000000)
    .ARM.Collect$$rtexit$$00000002           0x08000186   Section        0  rtexit2.o(.ARM.Collect$$rtexit$$00000002)
    .ARM.Collect$$rtexit$$00000003           0x08000186   Section        4  rtexit2.o(.ARM.Collect$$rtexit$$00000003)
    .ARM.Collect$$rtexit$$00000004           0x0800018a   Section        6  rtexit2.o(.ARM.Collect$$rtexit$$00000004)
    .text                                    0x08000190   Section       64  startup_stm32f103xb.o(.text)
    .text                                    0x080001d0   Section        0  __2sprintf.o(.text)
    .text                                    0x080001fc   Section        0  __printf.o(.text)
    .text                                    0x08000264   Section        0  _printf_dec.o(.text)
    .text                                    0x080002dc   Section       78  rt_memclr_w.o(.text)
    .text                                    0x0800032c   Section      128  strcmpv7m.o(.text)
    .text                                    0x080003ac   Section        0  heapauxi.o(.text)
    .text                                    0x080003b2   Section        0  _printf_intcommon.o(.text)
    .text                                    0x08000464   Section        0  _printf_char_common.o(.text)
    _printf_input_char                       0x08000465   Thumb Code    10  _printf_char_common.o(.text)
    .text                                    0x08000494   Section        0  _sputc.o(.text)
    .text                                    0x0800049e   Section       74  sys_stackheap_outer.o(.text)
    .text                                    0x080004e8   Section        0  exit.o(.text)
    .text                                    0x080004fc   Section        8  libspace.o(.text)
    .text                                    0x08000504   Section        0  sys_exit.o(.text)
    .text                                    0x08000510   Section        2  use_no_semi.o(.text)
    .text                                    0x08000512   Section        0  indicate_semi.o(.text)
    i.ADC_ConversionStop_Disable             0x08000512   Section        0  stm32f1xx_hal_adc.o(i.ADC_ConversionStop_Disable)
    i.ADC_Enable                             0x0800055c   Section        0  stm32f1xx_hal_adc.o(i.ADC_Enable)
    i.BusFault_Handler                       0x080005cc   Section        0  stm32f1xx_it.o(i.BusFault_Handler)
    i.DHT11_Read                             0x080005d0   Section        0  main.o(i.DHT11_Read)
    i.DHT11_Start                            0x08000658   Section        0  main.o(i.DHT11_Start)
    i.DebugMon_Handler                       0x080006f8   Section        0  stm32f1xx_it.o(i.DebugMon_Handler)
    i.EXTI3_IRQHandler                       0x080006fa   Section        0  stm32f1xx_it.o(i.EXTI3_IRQHandler)
    i.HAL_ADC_ConfigChannel                  0x08000700   Section        0  stm32f1xx_hal_adc.o(i.HAL_ADC_ConfigChannel)
    i.HAL_ADC_GetValue                       0x08000868   Section        0  stm32f1xx_hal_adc.o(i.HAL_ADC_GetValue)
    i.HAL_ADC_Init                           0x08000870   Section        0  stm32f1xx_hal_adc.o(i.HAL_ADC_Init)
    i.HAL_ADC_MspInit                        0x080009a4   Section        0  stm32f1xx_hal_msp.o(i.HAL_ADC_MspInit)
    i.HAL_ADC_PollForConversion              0x080009e4   Section        0  stm32f1xx_hal_adc.o(i.HAL_ADC_PollForConversion)
    i.HAL_ADC_Start                          0x08000b14   Section        0  stm32f1xx_hal_adc.o(i.HAL_ADC_Start)
    i.HAL_ADC_Stop                           0x08000bd4   Section        0  stm32f1xx_hal_adc.o(i.HAL_ADC_Stop)
    i.HAL_Delay                              0x08000c08   Section        0  stm32f1xx_hal.o(i.HAL_Delay)
    i.HAL_GPIO_EXTI_Callback                 0x08000c20   Section        0  main.o(i.HAL_GPIO_EXTI_Callback)
    i.HAL_GPIO_EXTI_IRQHandler               0x08000cc0   Section        0  stm32f1xx_hal_gpio.o(i.HAL_GPIO_EXTI_IRQHandler)
    i.HAL_GPIO_Init                          0x08000cd8   Section        0  stm32f1xx_hal_gpio.o(i.HAL_GPIO_Init)
    i.HAL_GPIO_ReadPin                       0x08000ea0   Section        0  stm32f1xx_hal_gpio.o(i.HAL_GPIO_ReadPin)
    i.HAL_GPIO_WritePin                      0x08000eaa   Section        0  stm32f1xx_hal_gpio.o(i.HAL_GPIO_WritePin)
    i.HAL_GetTick                            0x08000eb4   Section        0  stm32f1xx_hal.o(i.HAL_GetTick)
    i.HAL_IncTick                            0x08000ec0   Section        0  stm32f1xx_hal.o(i.HAL_IncTick)
    i.HAL_Init                               0x08000ed0   Section        0  stm32f1xx_hal.o(i.HAL_Init)
    i.HAL_InitTick                           0x08000ef4   Section        0  stm32f1xx_hal.o(i.HAL_InitTick)
    i.HAL_MspInit                            0x08000f18   Section        0  stm32f1xx_hal_msp.o(i.HAL_MspInit)
    i.HAL_NVIC_EnableIRQ                     0x08000f84   Section        0  stm32f1xx_hal_cortex.o(i.HAL_NVIC_EnableIRQ)
    i.HAL_NVIC_SetPriority                   0x08000f9c   Section        0  stm32f1xx_hal_cortex.o(i.HAL_NVIC_SetPriority)
    i.HAL_NVIC_SetPriorityGrouping           0x08000fdc   Section        0  stm32f1xx_hal_cortex.o(i.HAL_NVIC_SetPriorityGrouping)
    i.HAL_PWR_EnterSLEEPMode                 0x08001000   Section        0  stm32f1xx_hal_pwr.o(i.HAL_PWR_EnterSLEEPMode)
    i.HAL_RCCEx_GetPeriphCLKFreq             0x08001020   Section        0  stm32f1xx_hal_rcc_ex.o(i.HAL_RCCEx_GetPeriphCLKFreq)
    i.HAL_RCCEx_PeriphCLKConfig              0x08001110   Section        0  stm32f1xx_hal_rcc_ex.o(i.HAL_RCCEx_PeriphCLKConfig)
    i.HAL_RCC_CSSCallback                    0x08001238   Section        0  stm32f1xx_hal_rcc.o(i.HAL_RCC_CSSCallback)
    i.HAL_RCC_ClockConfig                    0x0800123c   Section        0  stm32f1xx_hal_rcc.o(i.HAL_RCC_ClockConfig)
    i.HAL_RCC_GetHCLKFreq                    0x080014a0   Section        0  stm32f1xx_hal_rcc.o(i.HAL_RCC_GetHCLKFreq)
    i.HAL_RCC_GetPCLK2Freq                   0x080014d4   Section        0  stm32f1xx_hal_rcc.o(i.HAL_RCC_GetPCLK2Freq)
    i.HAL_RCC_GetSysClockFreq                0x08001500   Section        0  stm32f1xx_hal_rcc.o(i.HAL_RCC_GetSysClockFreq)
    i.HAL_RCC_NMI_IRQHandler                 0x08001588   Section        0  stm32f1xx_hal_rcc.o(i.HAL_RCC_NMI_IRQHandler)
    i.HAL_RCC_OscConfig                      0x080015a0   Section        0  stm32f1xx_hal_rcc.o(i.HAL_RCC_OscConfig)
    i.HAL_ResumeTick                         0x08001bec   Section        0  stm32f1xx_hal.o(i.HAL_ResumeTick)
    i.HAL_SPI_GetState                       0x08001bfa   Section        0  stm32f1xx_hal_spi.o(i.HAL_SPI_GetState)
    i.HAL_SPI_Init                           0x08001c00   Section        0  stm32f1xx_hal_spi_ex.o(i.HAL_SPI_Init)
    i.HAL_SPI_MspInit                        0x08001c88   Section        0  stm32f1xx_hal_msp.o(i.HAL_SPI_MspInit)
    i.HAL_SPI_Receive                        0x08001ce0   Section        0  stm32f1xx_hal_spi.o(i.HAL_SPI_Receive)
    i.HAL_SPI_Transmit                       0x08001ecc   Section        0  stm32f1xx_hal_spi.o(i.HAL_SPI_Transmit)
    i.HAL_SPI_TransmitReceive                0x08002012   Section        0  stm32f1xx_hal_spi.o(i.HAL_SPI_TransmitReceive)
    i.HAL_SYSTICK_CLKSourceConfig            0x080022c4   Section        0  stm32f1xx_hal_cortex.o(i.HAL_SYSTICK_CLKSourceConfig)
    i.HAL_SYSTICK_Callback                   0x080022dc   Section        0  stm32f1xx_hal_cortex.o(i.HAL_SYSTICK_Callback)
    i.HAL_SYSTICK_Config                     0x080022de   Section        0  stm32f1xx_hal_cortex.o(i.HAL_SYSTICK_Config)
    i.HAL_SYSTICK_IRQHandler                 0x08002306   Section        0  stm32f1xx_hal_cortex.o(i.HAL_SYSTICK_IRQHandler)
    i.HAL_SuspendTick                        0x0800230e   Section        0  stm32f1xx_hal.o(i.HAL_SuspendTick)
    i.HAL_TIMEx_MasterConfigSynchronization  0x0800231c   Section        0  stm32f1xx_hal_tim_ex.o(i.HAL_TIMEx_MasterConfigSynchronization)
    i.HAL_TIM_Base_Init                      0x0800236c   Section        0  stm32f1xx_hal_tim.o(i.HAL_TIM_Base_Init)
    i.HAL_TIM_Base_MspInit                   0x080023a4   Section        0  stm32f1xx_hal_msp.o(i.HAL_TIM_Base_MspInit)
    i.HAL_TIM_Base_Start                     0x080023cc   Section        0  stm32f1xx_hal_tim.o(i.HAL_TIM_Base_Start)
    i.HAL_TIM_ConfigClockSource              0x080023e6   Section        0  stm32f1xx_hal_tim.o(i.HAL_TIM_ConfigClockSource)
    i.HardFault_Handler                      0x080024d6   Section        0  stm32f1xx_it.o(i.HardFault_Handler)
    i.LoRa_BurstWrite                        0x080024d8   Section        0  lora.o(i.LoRa_BurstWrite)
    i.LoRa_gotoMode                          0x0800252e   Section        0  lora.o(i.LoRa_gotoMode)
    i.LoRa_init                              0x08002594   Section        0  lora.o(i.LoRa_init)
    i.LoRa_read                              0x08002672   Section        0  lora.o(i.LoRa_read)
    i.LoRa_readReg                           0x08002690   Section        0  lora.o(i.LoRa_readReg)
    i.LoRa_receive                           0x080026e8   Section        0  lora.o(i.LoRa_receive)
    i.LoRa_reset                             0x08002766   Section        0  lora.o(i.LoRa_reset)
    i.LoRa_setFrequency                      0x0800278e   Section        0  lora.o(i.LoRa_setFrequency)
    i.LoRa_setOCP                            0x080027ce   Section        0  lora.o(i.LoRa_setOCP)
    i.LoRa_setPower                          0x08002812   Section        0  lora.o(i.LoRa_setPower)
    i.LoRa_setSpreadingFactor                0x08002826   Section        0  lora.o(i.LoRa_setSpreadingFactor)
    i.LoRa_setTOMsb_setCRCon                 0x08002860   Section        0  lora.o(i.LoRa_setTOMsb_setCRCon)
    i.LoRa_startReceiving                    0x08002880   Section        0  lora.o(i.LoRa_startReceiving)
    i.LoRa_transmit                          0x08002886   Section        0  lora.o(i.LoRa_transmit)
    i.LoRa_write                             0x0800290a   Section        0  lora.o(i.LoRa_write)
    i.LoRa_writeReg                          0x08002928   Section        0  lora.o(i.LoRa_writeReg)
    i.MX_GPIO_Init                           0x08002980   Section        0  main.o(i.MX_GPIO_Init)
    MX_GPIO_Init                             0x08002981   Thumb Code   220  main.o(i.MX_GPIO_Init)
    i.MX_SPI1_Init                           0x08002a70   Section        0  main.o(i.MX_SPI1_Init)
    MX_SPI1_Init                             0x08002a71   Thumb Code    46  main.o(i.MX_SPI1_Init)
    i.MX_TIM1_Init                           0x08002aa8   Section        0  main.o(i.MX_TIM1_Init)
    MX_TIM1_Init                             0x08002aa9   Thumb Code    62  main.o(i.MX_TIM1_Init)
    i.MemManage_Handler                      0x08002af0   Section        0  stm32f1xx_it.o(i.MemManage_Handler)
    i.NMI_Handler                            0x08002af2   Section        0  stm32f1xx_it.o(i.NMI_Handler)
    i.NVIC_SetPriority                       0x08002af6   Section        0  stm32f1xx_hal_cortex.o(i.NVIC_SetPriority)
    NVIC_SetPriority                         0x08002af7   Thumb Code    32  stm32f1xx_hal_cortex.o(i.NVIC_SetPriority)
    i.Read_soil_moisture_value               0x08002b18   Section        0  soil_moisture.o(i.Read_soil_moisture_value)
    i.SPI_ISCRCErrorValid                    0x08002b8c   Section        0  stm32f1xx_hal_spi_ex.o(i.SPI_ISCRCErrorValid)
    i.SPI_WaitOnFlagUntilTimeout             0x08002b90   Section        0  stm32f1xx_hal_spi.o(i.SPI_WaitOnFlagUntilTimeout)
    SPI_WaitOnFlagUntilTimeout               0x08002b91   Thumb Code   158  stm32f1xx_hal_spi.o(i.SPI_WaitOnFlagUntilTimeout)
    i.SysTick_Handler                        0x08002c2e   Section        0  stm32f1xx_it.o(i.SysTick_Handler)
    i.SystemClock_Config                     0x08002c3c   Section        0  main.o(i.SystemClock_Config)
    SystemClock_Config                       0x08002c3d   Thumb Code   106  main.o(i.SystemClock_Config)
    i.SystemInit                             0x08002ca8   Section        0  system_stm32f1xx.o(i.SystemInit)
    i.TIM_Base_SetConfig                     0x08002cf0   Section        0  stm32f1xx_hal_tim.o(i.TIM_Base_SetConfig)
    i.TIM_ETR_SetConfig                      0x08002d54   Section        0  stm32f1xx_hal_tim.o(i.TIM_ETR_SetConfig)
    TIM_ETR_SetConfig                        0x08002d55   Thumb Code    20  stm32f1xx_hal_tim.o(i.TIM_ETR_SetConfig)
    i.TIM_ITRx_SetConfig                     0x08002d68   Section        0  stm32f1xx_hal_tim.o(i.TIM_ITRx_SetConfig)
    TIM_ITRx_SetConfig                       0x08002d69   Thumb Code    16  stm32f1xx_hal_tim.o(i.TIM_ITRx_SetConfig)
    i.TIM_TI1_ConfigInputStage               0x08002d78   Section        0  stm32f1xx_hal_tim.o(i.TIM_TI1_ConfigInputStage)
    TIM_TI1_ConfigInputStage                 0x08002d79   Thumb Code    34  stm32f1xx_hal_tim.o(i.TIM_TI1_ConfigInputStage)
    i.TIM_TI2_ConfigInputStage               0x08002d9a   Section        0  stm32f1xx_hal_tim.o(i.TIM_TI2_ConfigInputStage)
    TIM_TI2_ConfigInputStage                 0x08002d9b   Thumb Code    36  stm32f1xx_hal_tim.o(i.TIM_TI2_ConfigInputStage)
    i.UsageFault_Handler                     0x08002dbe   Section        0  stm32f1xx_it.o(i.UsageFault_Handler)
    i.delay_us                               0x08002dc0   Section        0  dht11.o(i.delay_us)
    i.main                                   0x08002dd8   Section        0  main.o(i.main)
    i.map                                    0x0800306c   Section        0  main.o(i.map)
    i.value_handle                           0x08003084   Section        0  main.o(i.value_handle)
    x$fpl$d2f                                0x08003164   Section       98  d2f.o(x$fpl$d2f)
    x$fpl$ddiv                               0x080031c8   Section      688  ddiv.o(x$fpl$ddiv)
    ddiv_entry                               0x080031cf   Thumb Code     0  ddiv.o(x$fpl$ddiv)
    x$fpl$dfltu                              0x08003478   Section       38  dflt_clz.o(x$fpl$dfltu)
    x$fpl$dnaninf                            0x0800349e   Section      156  dnaninf.o(x$fpl$dnaninf)
    x$fpl$dretinf                            0x0800353a   Section       12  dretinf.o(x$fpl$dretinf)
    x$fpl$fadd                               0x08003548   Section      196  faddsub_clz.o(x$fpl$fadd)
    _fadd1                                   0x08003557   Thumb Code     0  faddsub_clz.o(x$fpl$fadd)
    x$fpl$ffix                               0x0800360c   Section       54  ffix.o(x$fpl$ffix)
    x$fpl$fflt                               0x08003644   Section       48  fflt_clz.o(x$fpl$fflt)
    x$fpl$ffltu                              0x08003674   Section       38  fflt_clz.o(x$fpl$ffltu)
    x$fpl$fnaninf                            0x0800369a   Section      140  fnaninf.o(x$fpl$fnaninf)
    x$fpl$fretinf                            0x08003726   Section       10  fretinf.o(x$fpl$fretinf)
    x$fpl$fsub                               0x08003730   Section      234  faddsub_clz.o(x$fpl$fsub)
    _fsub1                                   0x0800373f   Thumb Code     0  faddsub_clz.o(x$fpl$fsub)
    .constdata                               0x0800381a   Section       16  stm32f1xx_hal_rcc.o(.constdata)
    x$fpl$usenofp                            0x0800381a   Section        0  usenofp.o(x$fpl$usenofp)
    .data                                    0x20000000   Section       52  main.o(.data)
    .data                                    0x20000034   Section        4  stm32f1xx_hal.o(.data)
    uwTick                                   0x20000034   Data           4  stm32f1xx_hal.o(.data)
    .data                                    0x20000038   Section        1  stm32f1xx_hal_spi_ex.o(.data)
    .data                                    0x2000003c   Section        4  system_stm32f1xx.o(.data)
    .bss                                     0x20000040   Section      378  main.o(.bss)
    .bss                                     0x200001bc   Section       96  libspace.o(.bss)
    HEAP                                     0x20000220   Section      512  startup_stm32f103xb.o(HEAP)
    Heap_Mem                                 0x20000220   Data         512  startup_stm32f103xb.o(HEAP)
    STACK                                    0x20000420   Section     1024  startup_stm32f103xb.o(STACK)
    Stack_Mem                                0x20000420   Data        1024  startup_stm32f103xb.o(STACK)
    __initial_sp                             0x20000820   Data           0  startup_stm32f103xb.o(STACK)

    Global Symbols

    Symbol Name                              Value     Ov Type        Size  Object(Section)

    BuildAttributes$$THM_ISAv4$P$D$K$B$S$PE$A:L22UL41UL21$X:L11$S22US41US21$IEEE1$IW$USESV6$~STKCKD$USESV7$~SHL$OSPACE$ROPI$EBA8$UX$STANDARDLIB$REQ8$PRES8$EABIv2 0x00000000   Number         0  anon$$obj.o ABSOLUTE
    __ARM_use_no_argv                        0x00000000   Number         0  main.o ABSOLUTE
    _printf_flags                            0x00000000   Number         0  printf_stubs.o ABSOLUTE
    _printf_return_value                     0x00000000   Number         0  printf_stubs.o ABSOLUTE
    _printf_sizespec                         0x00000000   Number         0  printf_stubs.o ABSOLUTE
    _printf_widthprec                        0x00000000   Number         0  printf_stubs.o ABSOLUTE
    __ARM_exceptions_init                     - Undefined Weak Reference
    __alloca_initialize                       - Undefined Weak Reference
    __arm_preinit_                            - Undefined Weak Reference
    __cpp_initialize__aeabi_                  - Undefined Weak Reference
    __cxa_finalize                            - Undefined Weak Reference
    __rt_locale                               - Undefined Weak Reference
    __sigvec_lookup                           - Undefined Weak Reference
    _atexit_init                              - Undefined Weak Reference
    _call_atexit_fns                          - Undefined Weak Reference
    _clock_init                               - Undefined Weak Reference
    _fp_trap_init                             - Undefined Weak Reference
    _fp_trap_shutdown                         - Undefined Weak Reference
    _get_lc_collate                           - Undefined Weak Reference
    _get_lc_ctype                             - Undefined Weak Reference
    _get_lc_monetary                          - Undefined Weak Reference
    _get_lc_numeric                           - Undefined Weak Reference
    _get_lc_time                              - Undefined Weak Reference
    _getenv_init                              - Undefined Weak Reference
    _handle_redirection                       - Undefined Weak Reference
    _init_alloc                               - Undefined Weak Reference
    _init_user_alloc                          - Undefined Weak Reference
    _initio                                   - Undefined Weak Reference
    _printf_post_padding                      - Undefined Weak Reference
    _printf_pre_padding                       - Undefined Weak Reference
    _printf_truncate_signed                   - Undefined Weak Reference
    _printf_truncate_unsigned                 - Undefined Weak Reference
    _rand_init                                - Undefined Weak Reference
    _signal_finish                            - Undefined Weak Reference
    _signal_init                              - Undefined Weak Reference
    _terminate_alloc                          - Undefined Weak Reference
    _terminate_user_alloc                     - Undefined Weak Reference
    _terminateio                              - Undefined Weak Reference
    __Vectors_Size                           0x000000ec   Number         0  startup_stm32f103xb.o ABSOLUTE
    __Vectors                                0x08000000   Data           4  startup_stm32f103xb.o(RESET)
    __Vectors_End                            0x080000ec   Data           0  startup_stm32f103xb.o(RESET)
    __main                                   0x080000ed   Thumb Code     8  __main.o(!!!main)
    __scatterload                            0x080000f5   Thumb Code     0  __scatter.o(!!!scatter)
    __scatterload_rt2                        0x080000f5   Thumb Code    44  __scatter.o(!!!scatter)
    __scatterload_rt2_thumb_only             0x080000f5   Thumb Code     0  __scatter.o(!!!scatter)
    __scatterload_null                       0x08000103   Thumb Code     0  __scatter.o(!!!scatter)
    __scatterload_copy                       0x08000129   Thumb Code    26  __scatter_copy.o(!!handler_copy)
    __scatterload_zeroinit                   0x08000145   Thumb Code    28  __scatter_zi.o(!!handler_zi)
    _printf_d                                0x08000161   Thumb Code     0  _printf_d.o(.ARM.Collect$$_printf_percent$$00000009)
    _printf_percent                          0x08000161   Thumb Code     0  _printf_percent.o(.ARM.Collect$$_printf_percent$$00000000)
    _printf_percent_end                      0x08000167   Thumb Code     0  _printf_percent_end.o(.ARM.Collect$$_printf_percent$$00000017)
    __rt_lib_init                            0x0800016b   Thumb Code     0  libinit.o(.ARM.Collect$$libinit$$00000000)
    __rt_lib_init_alloca_1                   0x0800016d   Thumb Code     0  libinit2.o(.ARM.Collect$$libinit$$0000002E)
    __rt_lib_init_argv_1                     0x0800016d   Thumb Code     0  libinit2.o(.ARM.Collect$$libinit$$0000002C)
    __rt_lib_init_atexit_1                   0x0800016d   Thumb Code     0  libinit2.o(.ARM.Collect$$libinit$$0000001B)
    __rt_lib_init_clock_1                    0x0800016d   Thumb Code     0  libinit2.o(.ARM.Collect$$libinit$$00000021)
    __rt_lib_init_cpp_1                      0x0800016d   Thumb Code     0  libinit2.o(.ARM.Collect$$libinit$$00000032)
    __rt_lib_init_exceptions_1               0x0800016d   Thumb Code     0  libinit2.o(.ARM.Collect$$libinit$$00000030)
    __rt_lib_init_fp_1                       0x0800016d   Thumb Code     0  libinit2.o(.ARM.Collect$$libinit$$00000002)
    __rt_lib_init_fp_trap_1                  0x0800016d   Thumb Code     0  libinit2.o(.ARM.Collect$$libinit$$0000001F)
    __rt_lib_init_getenv_1                   0x0800016d   Thumb Code     0  libinit2.o(.ARM.Collect$$libinit$$00000023)
    __rt_lib_init_heap_1                     0x0800016d   Thumb Code     0  libinit2.o(.ARM.Collect$$libinit$$0000000A)
    __rt_lib_init_lc_collate_1               0x0800016d   Thumb Code     0  libinit2.o(.ARM.Collect$$libinit$$00000011)
    __rt_lib_init_lc_ctype_1                 0x0800016d   Thumb Code     0  libinit2.o(.ARM.Collect$$libinit$$00000013)
    __rt_lib_init_lc_monetary_1              0x0800016d   Thumb Code     0  libinit2.o(.ARM.Collect$$libinit$$00000015)
    __rt_lib_init_lc_numeric_1               0x0800016d   Thumb Code     0  libinit2.o(.ARM.Collect$$libinit$$00000017)
    __rt_lib_init_lc_time_1                  0x0800016d   Thumb Code     0  libinit2.o(.ARM.Collect$$libinit$$00000019)
    __rt_lib_init_preinit_1                  0x0800016d   Thumb Code     0  libinit2.o(.ARM.Collect$$libinit$$00000004)
    __rt_lib_init_rand_1                     0x0800016d   Thumb Code     0  libinit2.o(.ARM.Collect$$libinit$$0000000E)
    __rt_lib_init_return                     0x0800016d   Thumb Code     0  libinit2.o(.ARM.Collect$$libinit$$00000033)
    __rt_lib_init_signal_1                   0x0800016d   Thumb Code     0  libinit2.o(.ARM.Collect$$libinit$$0000001D)
    __rt_lib_init_stdio_1                    0x0800016d   Thumb Code     0  libinit2.o(.ARM.Collect$$libinit$$00000025)
    __rt_lib_init_user_alloc_1               0x0800016d   Thumb Code     0  libinit2.o(.ARM.Collect$$libinit$$0000000C)
    __rt_lib_shutdown                        0x0800016f   Thumb Code     0  libshutdown.o(.ARM.Collect$$libshutdown$$00000000)
    __rt_lib_shutdown_cpp_1                  0x08000171   Thumb Code     0  libshutdown2.o(.ARM.Collect$$libshutdown$$00000002)
    __rt_lib_shutdown_fp_trap_1              0x08000171   Thumb Code     0  libshutdown2.o(.ARM.Collect$$libshutdown$$00000007)
    __rt_lib_shutdown_heap_1                 0x08000171   Thumb Code     0  libshutdown2.o(.ARM.Collect$$libshutdown$$0000000F)
    __rt_lib_shutdown_return                 0x08000171   Thumb Code     0  libshutdown2.o(.ARM.Collect$$libshutdown$$00000010)
    __rt_lib_shutdown_signal_1               0x08000171   Thumb Code     0  libshutdown2.o(.ARM.Collect$$libshutdown$$0000000A)
    __rt_lib_shutdown_stdio_1                0x08000171   Thumb Code     0  libshutdown2.o(.ARM.Collect$$libshutdown$$00000004)
    __rt_lib_shutdown_user_alloc_1           0x08000171   Thumb Code     0  libshutdown2.o(.ARM.Collect$$libshutdown$$0000000C)
    __rt_entry                               0x08000173   Thumb Code     0  __rtentry.o(.ARM.Collect$$rtentry$$00000000)
    __rt_entry_presh_1                       0x08000173   Thumb Code     0  __rtentry2.o(.ARM.Collect$$rtentry$$00000002)
    __rt_entry_sh                            0x08000173   Thumb Code     0  __rtentry4.o(.ARM.Collect$$rtentry$$00000004)
    __rt_entry_li                            0x08000179   Thumb Code     0  __rtentry2.o(.ARM.Collect$$rtentry$$0000000A)
    __rt_entry_postsh_1                      0x08000179   Thumb Code     0  __rtentry2.o(.ARM.Collect$$rtentry$$00000009)
    __rt_entry_main                          0x0800017d   Thumb Code     0  __rtentry2.o(.ARM.Collect$$rtentry$$0000000D)
    __rt_entry_postli_1                      0x0800017d   Thumb Code     0  __rtentry2.o(.ARM.Collect$$rtentry$$0000000C)
    __rt_exit                                0x08000185   Thumb Code     0  rtexit.o(.ARM.Collect$$rtexit$$00000000)
    __rt_exit_ls                             0x08000187   Thumb Code     0  rtexit2.o(.ARM.Collect$$rtexit$$00000003)
    __rt_exit_prels_1                        0x08000187   Thumb Code     0  rtexit2.o(.ARM.Collect$$rtexit$$00000002)
    __rt_exit_exit                           0x0800018b   Thumb Code     0  rtexit2.o(.ARM.Collect$$rtexit$$00000004)
    Reset_Handler                            0x08000191   Thumb Code     8  startup_stm32f103xb.o(.text)
    SVC_Handler                              0x080001a3   Thumb Code     2  startup_stm32f103xb.o(.text)
    PendSV_Handler                           0x080001a7   Thumb Code     2  startup_stm32f103xb.o(.text)
    ADC1_2_IRQHandler                        0x080001ab   Thumb Code     0  startup_stm32f103xb.o(.text)
    CAN1_RX1_IRQHandler                      0x080001ab   Thumb Code     0  startup_stm32f103xb.o(.text)
    CAN1_SCE_IRQHandler                      0x080001ab   Thumb Code     0  startup_stm32f103xb.o(.text)
    DMA1_Channel1_IRQHandler                 0x080001ab   Thumb Code     0  startup_stm32f103xb.o(.text)
    DMA1_Channel2_IRQHandler                 0x080001ab   Thumb Code     0  startup_stm32f103xb.o(.text)
    DMA1_Channel3_IRQHandler                 0x080001ab   Thumb Code     0  startup_stm32f103xb.o(.text)
    DMA1_Channel4_IRQHandler                 0x080001ab   Thumb Code     0  startup_stm32f103xb.o(.text)
    DMA1_Channel5_IRQHandler                 0x080001ab   Thumb Code     0  startup_stm32f103xb.o(.text)
    DMA1_Channel6_IRQHandler                 0x080001ab   Thumb Code     0  startup_stm32f103xb.o(.text)
    DMA1_Channel7_IRQHandler                 0x080001ab   Thumb Code     0  startup_stm32f103xb.o(.text)
    EXTI0_IRQHandler                         0x080001ab   Thumb Code     0  startup_stm32f103xb.o(.text)
    EXTI15_10_IRQHandler                     0x080001ab   Thumb Code     0  startup_stm32f103xb.o(.text)
    EXTI1_IRQHandler                         0x080001ab   Thumb Code     0  startup_stm32f103xb.o(.text)
    EXTI2_IRQHandler                         0x080001ab   Thumb Code     0  startup_stm32f103xb.o(.text)
    EXTI4_IRQHandler                         0x080001ab   Thumb Code     0  startup_stm32f103xb.o(.text)
    EXTI9_5_IRQHandler                       0x080001ab   Thumb Code     0  startup_stm32f103xb.o(.text)
    FLASH_IRQHandler                         0x080001ab   Thumb Code     0  startup_stm32f103xb.o(.text)
    I2C1_ER_IRQHandler                       0x080001ab   Thumb Code     0  startup_stm32f103xb.o(.text)
    I2C1_EV_IRQHandler                       0x080001ab   Thumb Code     0  startup_stm32f103xb.o(.text)
    I2C2_ER_IRQHandler                       0x080001ab   Thumb Code     0  startup_stm32f103xb.o(.text)
    I2C2_EV_IRQHandler                       0x080001ab   Thumb Code     0  startup_stm32f103xb.o(.text)
    PVD_IRQHandler                           0x080001ab   Thumb Code     0  startup_stm32f103xb.o(.text)
    RCC_IRQHandler                           0x080001ab   Thumb Code     0  startup_stm32f103xb.o(.text)
    RTC_Alarm_IRQHandler                     0x080001ab   Thumb Code     0  startup_stm32f103xb.o(.text)
    RTC_IRQHandler                           0x080001ab   Thumb Code     0  startup_stm32f103xb.o(.text)
    SPI1_IRQHandler                          0x080001ab   Thumb Code     0  startup_stm32f103xb.o(.text)
    SPI2_IRQHandler                          0x080001ab   Thumb Code     0  startup_stm32f103xb.o(.text)
    TAMPER_IRQHandler                        0x080001ab   Thumb Code     0  startup_stm32f103xb.o(.text)
    TIM1_BRK_IRQHandler                      0x080001ab   Thumb Code     0  startup_stm32f103xb.o(.text)
    TIM1_CC_IRQHandler                       0x080001ab   Thumb Code     0  startup_stm32f103xb.o(.text)
    TIM1_TRG_COM_IRQHandler                  0x080001ab   Thumb Code     0  startup_stm32f103xb.o(.text)
    TIM1_UP_IRQHandler                       0x080001ab   Thumb Code     0  startup_stm32f103xb.o(.text)
    TIM2_IRQHandler                          0x080001ab   Thumb Code     0  startup_stm32f103xb.o(.text)
    TIM3_IRQHandler                          0x080001ab   Thumb Code     0  startup_stm32f103xb.o(.text)
    TIM4_IRQHandler                          0x080001ab   Thumb Code     0  startup_stm32f103xb.o(.text)
    USART1_IRQHandler                        0x080001ab   Thumb Code     0  startup_stm32f103xb.o(.text)
    USART2_IRQHandler                        0x080001ab   Thumb Code     0  startup_stm32f103xb.o(.text)
    USART3_IRQHandler                        0x080001ab   Thumb Code     0  startup_stm32f103xb.o(.text)
    USBWakeUp_IRQHandler                     0x080001ab   Thumb Code     0  startup_stm32f103xb.o(.text)
    USB_HP_CAN1_TX_IRQHandler                0x080001ab   Thumb Code     0  startup_stm32f103xb.o(.text)
    USB_LP_CAN1_RX0_IRQHandler               0x080001ab   Thumb Code     0  startup_stm32f103xb.o(.text)
    WWDG_IRQHandler                          0x080001ab   Thumb Code     0  startup_stm32f103xb.o(.text)
    __user_initial_stackheap                 0x080001ad   Thumb Code     0  startup_stm32f103xb.o(.text)
    __2sprintf                               0x080001d1   Thumb Code    38  __2sprintf.o(.text)
    __printf                                 0x080001fd   Thumb Code   104  __printf.o(.text)
    _printf_int_dec                          0x08000265   Thumb Code   104  _printf_dec.o(.text)
    __aeabi_memclr4                          0x080002dd   Thumb Code     0  rt_memclr_w.o(.text)
    __aeabi_memclr8                          0x080002dd   Thumb Code     0  rt_memclr_w.o(.text)
    __rt_memclr_w                            0x080002dd   Thumb Code    78  rt_memclr_w.o(.text)
    _memset_w                                0x080002e1   Thumb Code     0  rt_memclr_w.o(.text)
    strcmp                                   0x0800032d   Thumb Code   128  strcmpv7m.o(.text)
    __use_two_region_memory                  0x080003ad   Thumb Code     2  heapauxi.o(.text)
    __rt_heap_escrow$2region                 0x080003af   Thumb Code     2  heapauxi.o(.text)
    __rt_heap_expand$2region                 0x080003b1   Thumb Code     2  heapauxi.o(.text)
    _printf_int_common                       0x080003b3   Thumb Code   178  _printf_intcommon.o(.text)
    _printf_char_common                      0x0800046f   Thumb Code    32  _printf_char_common.o(.text)
    _sputc                                   0x08000495   Thumb Code    10  _sputc.o(.text)
    __user_setup_stackheap                   0x0800049f   Thumb Code    74  sys_stackheap_outer.o(.text)
    exit                                     0x080004e9   Thumb Code    18  exit.o(.text)
    __user_libspace                          0x080004fd   Thumb Code     8  libspace.o(.text)
    __user_perproc_libspace                  0x080004fd   Thumb Code     0  libspace.o(.text)
    __user_perthread_libspace                0x080004fd   Thumb Code     0  libspace.o(.text)
    _sys_exit                                0x08000505   Thumb Code     8  sys_exit.o(.text)
    __I$use$semihosting                      0x08000511   Thumb Code     0  use_no_semi.o(.text)
    __use_no_semihosting_swi                 0x08000511   Thumb Code     2  use_no_semi.o(.text)
    ADC_ConversionStop_Disable               0x08000513   Thumb Code    74  stm32f1xx_hal_adc.o(i.ADC_ConversionStop_Disable)
    __semihosting_library_function           0x08000513   Thumb Code     0  indicate_semi.o(.text)
    ADC_Enable                               0x0800055d   Thumb Code   102  stm32f1xx_hal_adc.o(i.ADC_Enable)
    BusFault_Handler                         0x080005cd   Thumb Code     2  stm32f1xx_it.o(i.BusFault_Handler)
    DHT11_Read                               0x080005d1   Thumb Code   126  main.o(i.DHT11_Read)
    DHT11_Start                              0x08000659   Thumb Code   150  main.o(i.DHT11_Start)
    DebugMon_Handler                         0x080006f9   Thumb Code     2  stm32f1xx_it.o(i.DebugMon_Handler)
    EXTI3_IRQHandler                         0x080006fb   Thumb Code     6  stm32f1xx_it.o(i.EXTI3_IRQHandler)
    HAL_ADC_ConfigChannel                    0x08000701   Thumb Code   346  stm32f1xx_hal_adc.o(i.HAL_ADC_ConfigChannel)
    HAL_ADC_GetValue                         0x08000869   Thumb Code     6  stm32f1xx_hal_adc.o(i.HAL_ADC_GetValue)
    HAL_ADC_Init                             0x08000871   Thumb Code   298  stm32f1xx_hal_adc.o(i.HAL_ADC_Init)
    HAL_ADC_MspInit                          0x080009a5   Thumb Code    50  stm32f1xx_hal_msp.o(i.HAL_ADC_MspInit)
    HAL_ADC_PollForConversion                0x080009e5   Thumb Code   290  stm32f1xx_hal_adc.o(i.HAL_ADC_PollForConversion)
    HAL_ADC_Start                            0x08000b15   Thumb Code   184  stm32f1xx_hal_adc.o(i.HAL_ADC_Start)
    HAL_ADC_Stop                             0x08000bd5   Thumb Code    52  stm32f1xx_hal_adc.o(i.HAL_ADC_Stop)
    HAL_Delay                                0x08000c09   Thumb Code    22  stm32f1xx_hal.o(i.HAL_Delay)
    HAL_GPIO_EXTI_Callback                   0x08000c21   Thumb Code   118  main.o(i.HAL_GPIO_EXTI_Callback)
    HAL_GPIO_EXTI_IRQHandler                 0x08000cc1   Thumb Code    18  stm32f1xx_hal_gpio.o(i.HAL_GPIO_EXTI_IRQHandler)
    HAL_GPIO_Init                            0x08000cd9   Thumb Code   422  stm32f1xx_hal_gpio.o(i.HAL_GPIO_Init)
    HAL_GPIO_ReadPin                         0x08000ea1   Thumb Code    10  stm32f1xx_hal_gpio.o(i.HAL_GPIO_ReadPin)
    HAL_GPIO_WritePin                        0x08000eab   Thumb Code    10  stm32f1xx_hal_gpio.o(i.HAL_GPIO_WritePin)
    HAL_GetTick                              0x08000eb5   Thumb Code     6  stm32f1xx_hal.o(i.HAL_GetTick)
    HAL_IncTick                              0x08000ec1   Thumb Code    10  stm32f1xx_hal.o(i.HAL_IncTick)
    HAL_Init                                 0x08000ed1   Thumb Code    32  stm32f1xx_hal.o(i.HAL_Init)
    HAL_InitTick                             0x08000ef5   Thumb Code    34  stm32f1xx_hal.o(i.HAL_InitTick)
    HAL_MspInit                              0x08000f19   Thumb Code    98  stm32f1xx_hal_msp.o(i.HAL_MspInit)
    HAL_NVIC_EnableIRQ                       0x08000f85   Thumb Code    22  stm32f1xx_hal_cortex.o(i.HAL_NVIC_EnableIRQ)
    HAL_NVIC_SetPriority                     0x08000f9d   Thumb Code    60  stm32f1xx_hal_cortex.o(i.HAL_NVIC_SetPriority)
    HAL_NVIC_SetPriorityGrouping             0x08000fdd   Thumb Code    26  stm32f1xx_hal_cortex.o(i.HAL_NVIC_SetPriorityGrouping)
    HAL_PWR_EnterSLEEPMode                   0x08001001   Thumb Code    26  stm32f1xx_hal_pwr.o(i.HAL_PWR_EnterSLEEPMode)
    HAL_RCCEx_GetPeriphCLKFreq               0x08001021   Thumb Code   206  stm32f1xx_hal_rcc_ex.o(i.HAL_RCCEx_GetPeriphCLKFreq)
    HAL_RCCEx_PeriphCLKConfig                0x08001111   Thumb Code   284  stm32f1xx_hal_rcc_ex.o(i.HAL_RCCEx_PeriphCLKConfig)
    HAL_RCC_CSSCallback                      0x08001239   Thumb Code     2  stm32f1xx_hal_rcc.o(i.HAL_RCC_CSSCallback)
    HAL_RCC_ClockConfig                      0x0800123d   Thumb Code   604  stm32f1xx_hal_rcc.o(i.HAL_RCC_ClockConfig)
    HAL_RCC_GetHCLKFreq                      0x080014a1   Thumb Code    38  stm32f1xx_hal_rcc.o(i.HAL_RCC_GetHCLKFreq)
    HAL_RCC_GetPCLK2Freq                     0x080014d5   Thumb Code    36  stm32f1xx_hal_rcc.o(i.HAL_RCC_GetPCLK2Freq)
    HAL_RCC_GetSysClockFreq                  0x08001501   Thumb Code   102  stm32f1xx_hal_rcc.o(i.HAL_RCC_GetSysClockFreq)
    HAL_RCC_NMI_IRQHandler                   0x08001589   Thumb Code    20  stm32f1xx_hal_rcc.o(i.HAL_RCC_NMI_IRQHandler)
    HAL_RCC_OscConfig                        0x080015a1   Thumb Code  1612  stm32f1xx_hal_rcc.o(i.HAL_RCC_OscConfig)
    HAL_ResumeTick                           0x08001bed   Thumb Code    14  stm32f1xx_hal.o(i.HAL_ResumeTick)
    HAL_SPI_GetState                         0x08001bfb   Thumb Code     6  stm32f1xx_hal_spi.o(i.HAL_SPI_GetState)
    HAL_SPI_Init                             0x08001c01   Thumb Code   132  stm32f1xx_hal_spi_ex.o(i.HAL_SPI_Init)
    HAL_SPI_MspInit                          0x08001c89   Thumb Code    74  stm32f1xx_hal_msp.o(i.HAL_SPI_MspInit)
    HAL_SPI_Receive                          0x08001ce1   Thumb Code   492  stm32f1xx_hal_spi.o(i.HAL_SPI_Receive)
    HAL_SPI_Transmit                         0x08001ecd   Thumb Code   326  stm32f1xx_hal_spi.o(i.HAL_SPI_Transmit)
    HAL_SPI_TransmitReceive                  0x08002013   Thumb Code   690  stm32f1xx_hal_spi.o(i.HAL_SPI_TransmitReceive)
    HAL_SYSTICK_CLKSourceConfig              0x080022c5   Thumb Code    24  stm32f1xx_hal_cortex.o(i.HAL_SYSTICK_CLKSourceConfig)
    HAL_SYSTICK_Callback                     0x080022dd   Thumb Code     2  stm32f1xx_hal_cortex.o(i.HAL_SYSTICK_Callback)
    HAL_SYSTICK_Config                       0x080022df   Thumb Code    40  stm32f1xx_hal_cortex.o(i.HAL_SYSTICK_Config)
    HAL_SYSTICK_IRQHandler                   0x08002307   Thumb Code     8  stm32f1xx_hal_cortex.o(i.HAL_SYSTICK_IRQHandler)
    HAL_SuspendTick                          0x0800230f   Thumb Code    14  stm32f1xx_hal.o(i.HAL_SuspendTick)
    HAL_TIMEx_MasterConfigSynchronization    0x0800231d   Thumb Code    80  stm32f1xx_hal_tim_ex.o(i.HAL_TIMEx_MasterConfigSynchronization)
    HAL_TIM_Base_Init                        0x0800236d   Thumb Code    54  stm32f1xx_hal_tim.o(i.HAL_TIM_Base_Init)
    HAL_TIM_Base_MspInit                     0x080023a5   Thumb Code    30  stm32f1xx_hal_msp.o(i.HAL_TIM_Base_MspInit)
    HAL_TIM_Base_Start                       0x080023cd   Thumb Code    26  stm32f1xx_hal_tim.o(i.HAL_TIM_Base_Start)
    HAL_TIM_ConfigClockSource                0x080023e7   Thumb Code   240  stm32f1xx_hal_tim.o(i.HAL_TIM_ConfigClockSource)
    HardFault_Handler                        0x080024d7   Thumb Code     2  stm32f1xx_it.o(i.HardFault_Handler)
    LoRa_BurstWrite                          0x080024d9   Thumb Code    86  lora.o(i.LoRa_BurstWrite)
    LoRa_gotoMode                            0x0800252f   Thumb Code   102  lora.o(i.LoRa_gotoMode)
    LoRa_init                                0x08002595   Thumb Code   222  lora.o(i.LoRa_init)
    LoRa_read                                0x08002673   Thumb Code    30  lora.o(i.LoRa_read)
    LoRa_readReg                             0x08002691   Thumb Code    88  lora.o(i.LoRa_readReg)
    LoRa_receive                             0x080026e9   Thumb Code   126  lora.o(i.LoRa_receive)
    LoRa_reset                               0x08002767   Thumb Code    40  lora.o(i.LoRa_reset)
    LoRa_setFrequency                        0x0800278f   Thumb Code    64  lora.o(i.LoRa_setFrequency)
    LoRa_setOCP                              0x080027cf   Thumb Code    68  lora.o(i.LoRa_setOCP)
    LoRa_setPower                            0x08002813   Thumb Code    20  lora.o(i.LoRa_setPower)
    LoRa_setSpreadingFactor                  0x08002827   Thumb Code    58  lora.o(i.LoRa_setSpreadingFactor)
    LoRa_setTOMsb_setCRCon                   0x08002861   Thumb Code    32  lora.o(i.LoRa_setTOMsb_setCRCon)
    LoRa_startReceiving                      0x08002881   Thumb Code     6  lora.o(i.LoRa_startReceiving)
    LoRa_transmit                            0x08002887   Thumb Code   132  lora.o(i.LoRa_transmit)
    LoRa_write                               0x0800290b   Thumb Code    30  lora.o(i.LoRa_write)
    LoRa_writeReg                            0x08002929   Thumb Code    88  lora.o(i.LoRa_writeReg)
    MemManage_Handler                        0x08002af1   Thumb Code     2  stm32f1xx_it.o(i.MemManage_Handler)
    NMI_Handler                              0x08002af3   Thumb Code     4  stm32f1xx_it.o(i.NMI_Handler)
    Read_soil_moisture_value                 0x08002b19   Thumb Code   112  soil_moisture.o(i.Read_soil_moisture_value)
    SPI_ISCRCErrorValid                      0x08002b8d   Thumb Code     4  stm32f1xx_hal_spi_ex.o(i.SPI_ISCRCErrorValid)
    SysTick_Handler                          0x08002c2f   Thumb Code    14  stm32f1xx_it.o(i.SysTick_Handler)
    SystemInit                               0x08002ca9   Thumb Code    56  system_stm32f1xx.o(i.SystemInit)
    TIM_Base_SetConfig                       0x08002cf1   Thumb Code    86  stm32f1xx_hal_tim.o(i.TIM_Base_SetConfig)
    UsageFault_Handler                       0x08002dbf   Thumb Code     2  stm32f1xx_it.o(i.UsageFault_Handler)
    delay_us                                 0x08002dc1   Thumb Code    18  dht11.o(i.delay_us)
    main                                     0x08002dd9   Thumb Code   568  main.o(i.main)
    map                                      0x0800306d   Thumb Code    22  main.o(i.map)
    value_handle                             0x08003085   Thumb Code   214  main.o(i.value_handle)
    __aeabi_d2f                              0x08003165   Thumb Code     0  d2f.o(x$fpl$d2f)
    _d2f                                     0x08003165   Thumb Code    98  d2f.o(x$fpl$d2f)
    __aeabi_ddiv                             0x080031c9   Thumb Code     0  ddiv.o(x$fpl$ddiv)
    _ddiv                                    0x080031c9   Thumb Code   552  ddiv.o(x$fpl$ddiv)
    __aeabi_ui2d                             0x08003479   Thumb Code     0  dflt_clz.o(x$fpl$dfltu)
    _dfltu                                   0x08003479   Thumb Code    38  dflt_clz.o(x$fpl$dfltu)
    __fpl_dnaninf                            0x0800349f   Thumb Code   156  dnaninf.o(x$fpl$dnaninf)
    __fpl_dretinf                            0x0800353b   Thumb Code    12  dretinf.o(x$fpl$dretinf)
    __aeabi_fadd                             0x08003549   Thumb Code     0  faddsub_clz.o(x$fpl$fadd)
    _fadd                                    0x08003549   Thumb Code   196  faddsub_clz.o(x$fpl$fadd)
    __aeabi_f2iz                             0x0800360d   Thumb Code     0  ffix.o(x$fpl$ffix)
    _ffix                                    0x0800360d   Thumb Code    54  ffix.o(x$fpl$ffix)
    __aeabi_i2f                              0x08003645   Thumb Code     0  fflt_clz.o(x$fpl$fflt)
    _fflt                                    0x08003645   Thumb Code    48  fflt_clz.o(x$fpl$fflt)
    __aeabi_ui2f                             0x08003675   Thumb Code     0  fflt_clz.o(x$fpl$ffltu)
    _ffltu                                   0x08003675   Thumb Code    38  fflt_clz.o(x$fpl$ffltu)
    __fpl_fnaninf                            0x0800369b   Thumb Code   140  fnaninf.o(x$fpl$fnaninf)
    __fpl_fretinf                            0x08003727   Thumb Code    10  fretinf.o(x$fpl$fretinf)
    __aeabi_fsub                             0x08003731   Thumb Code     0  faddsub_clz.o(x$fpl$fsub)
    _fsub                                    0x08003731   Thumb Code   234  faddsub_clz.o(x$fpl$fsub)
    __I$use$fp                               0x0800381a   Number         0  usenofp.o(x$fpl$usenofp)
    aAPBAHBPrescTable                        0x0800381a   Data          16  stm32f1xx_hal_rcc.o(.constdata)
    Region$$Table$$Base                      0x0800382c   Number         0  anon$$obj.o(Region$$Table)
    Region$$Table$$Limit                     0x0800384c   Number         0  anon$$obj.o(Region$$Table)
    flag_transmit                            0x20000000   Data           1  main.o(.data)
    flag_transmit_relay                      0x20000001   Data           1  main.o(.data)
    ID                                       0x20000002   Data           1  main.o(.data)
    relay_state                              0x20000003   Data           1  main.o(.data)
    flag_200                                 0x20000004   Data           1  main.o(.data)
    flag_200_rv                              0x20000005   Data           1  main.o(.data)
    SUM                                      0x20000006   Data           1  main.o(.data)
    RHI                                      0x20000007   Data           1  main.o(.data)
    RHD                                      0x20000008   Data           1  main.o(.data)
    TCI                                      0x20000009   Data           1  main.o(.data)
    TCD                                      0x2000000a   Data           1  main.o(.data)
    LoRa_stat                                0x2000000b   Data           1  main.o(.data)
    ADC_VAL                                  0x2000000c   Data           2  main.o(.data)
    count_time                               0x2000000e   Data           2  main.o(.data)
    Percent_Val                              0x20000010   Data           2  main.o(.data)
    tCelsius                                 0x20000014   Data           4  main.o(.data)
    tFahrenheit                              0x20000018   Data           4  main.o(.data)
    RH                                       0x2000001c   Data           4  main.o(.data)
    pMillis                                  0x20000020   Data           4  main.o(.data)
    cMillis                                  0x20000024   Data           4  main.o(.data)
    len                                      0x20000028   Data           4  main.o(.data)
    Buffer_ADC                               0x2000002c   Data           8  main.o(.data)
    uCRCErrorWorkaroundCheck                 0x20000038   Data           1  stm32f1xx_hal_spi_ex.o(.data)
    SystemCoreClock                          0x2000003c   Data           4  system_stm32f1xx.o(.data)
    hadc1                                    0x20000040   Data          48  main.o(.bss)
    hspi1                                    0x20000070   Data          88  main.o(.bss)
    htim1                                    0x200000c8   Data          60  main.o(.bss)
    myLoRa                                   0x20000104   Data          44  main.o(.bss)
    received_data                            0x20000130   Data          10  main.o(.bss)
    json                                     0x2000013a   Data         128  main.o(.bss)
    __libspace_start                         0x200001bc   Data          96  libspace.o(.bss)
    __temporary_stack_top$libspace           0x2000021c   Data           0  libspace.o(.bss)



==============================================================================

Memory Map of the image

  Image Entry point : 0x080000ed

  Load Region LR_IROM1 (Base: 0x08000000, Size: 0x0000388c, Max: 0x00010000, ABSOLUTE)

    Execution Region ER_IROM1 (Exec base: 0x08000000, Load base: 0x08000000, Size: 0x0000384c, Max: 0x00010000, ABSOLUTE)

    Exec Addr    Load Addr    Size         Type   Attr      Idx    E Section Name        Object

    0x08000000   0x08000000   0x000000ec   Data   RO            3    RESET               startup_stm32f103xb.o
    0x080000ec   0x080000ec   0x00000008   Code   RO         2859  * !!!main             c_w.l(__main.o)
    0x080000f4   0x080000f4   0x00000034   Code   RO         3062    !!!scatter          c_w.l(__scatter.o)
    0x08000128   0x08000128   0x0000001a   Code   RO         3064    !!handler_copy      c_w.l(__scatter_copy.o)
    0x08000142   0x08000142   0x00000002   PAD
    0x08000144   0x08000144   0x0000001c   Code   RO         3066    !!handler_zi        c_w.l(__scatter_zi.o)
    0x08000160   0x08000160   0x00000000   Code   RO         2850    .ARM.Collect$$_printf_percent$$00000000  c_w.l(_printf_percent.o)
    0x08000160   0x08000160   0x00000006   Code   RO         2849    .ARM.Collect$$_printf_percent$$00000009  c_w.l(_printf_d.o)
    0x08000166   0x08000166   0x00000004   Code   RO         2896    .ARM.Collect$$_printf_percent$$00000017  c_w.l(_printf_percent_end.o)
    0x0800016a   0x0800016a   0x00000002   Code   RO         2932    .ARM.Collect$$libinit$$00000000  c_w.l(libinit.o)
    0x0800016c   0x0800016c   0x00000000   Code   RO         2939    .ARM.Collect$$libinit$$00000002  c_w.l(libinit2.o)
    0x0800016c   0x0800016c   0x00000000   Code   RO         2941    .ARM.Collect$$libinit$$00000004  c_w.l(libinit2.o)
    0x0800016c   0x0800016c   0x00000000   Code   RO         2944    .ARM.Collect$$libinit$$0000000A  c_w.l(libinit2.o)
    0x0800016c   0x0800016c   0x00000000   Code   RO         2946    .ARM.Collect$$libinit$$0000000C  c_w.l(libinit2.o)
    0x0800016c   0x0800016c   0x00000000   Code   RO         2948    .ARM.Collect$$libinit$$0000000E  c_w.l(libinit2.o)
    0x0800016c   0x0800016c   0x00000000   Code   RO         2951    .ARM.Collect$$libinit$$00000011  c_w.l(libinit2.o)
    0x0800016c   0x0800016c   0x00000000   Code   RO         2953    .ARM.Collect$$libinit$$00000013  c_w.l(libinit2.o)
    0x0800016c   0x0800016c   0x00000000   Code   RO         2955    .ARM.Collect$$libinit$$00000015  c_w.l(libinit2.o)
    0x0800016c   0x0800016c   0x00000000   Code   RO         2957    .ARM.Collect$$libinit$$00000017  c_w.l(libinit2.o)
    0x0800016c   0x0800016c   0x00000000   Code   RO         2959    .ARM.Collect$$libinit$$00000019  c_w.l(libinit2.o)
    0x0800016c   0x0800016c   0x00000000   Code   RO         2961    .ARM.Collect$$libinit$$0000001B  c_w.l(libinit2.o)
    0x0800016c   0x0800016c   0x00000000   Code   RO         2963    .ARM.Collect$$libinit$$0000001D  c_w.l(libinit2.o)
    0x0800016c   0x0800016c   0x00000000   Code   RO         2965    .ARM.Collect$$libinit$$0000001F  c_w.l(libinit2.o)
    0x0800016c   0x0800016c   0x00000000   Code   RO         2967    .ARM.Collect$$libinit$$00000021  c_w.l(libinit2.o)
    0x0800016c   0x0800016c   0x00000000   Code   RO         2969    .ARM.Collect$$libinit$$00000023  c_w.l(libinit2.o)
    0x0800016c   0x0800016c   0x00000000   Code   RO         2971    .ARM.Collect$$libinit$$00000025  c_w.l(libinit2.o)
    0x0800016c   0x0800016c   0x00000000   Code   RO         2975    .ARM.Collect$$libinit$$0000002C  c_w.l(libinit2.o)
    0x0800016c   0x0800016c   0x00000000   Code   RO         2977    .ARM.Collect$$libinit$$0000002E  c_w.l(libinit2.o)
    0x0800016c   0x0800016c   0x00000000   Code   RO         2979    .ARM.Collect$$libinit$$00000030  c_w.l(libinit2.o)
    0x0800016c   0x0800016c   0x00000000   Code   RO         2981    .ARM.Collect$$libinit$$00000032  c_w.l(libinit2.o)
    0x0800016c   0x0800016c   0x00000002   Code   RO         2982    .ARM.Collect$$libinit$$00000033  c_w.l(libinit2.o)
    0x0800016e   0x0800016e   0x00000002   Code   RO         3002    .ARM.Collect$$libshutdown$$00000000  c_w.l(libshutdown.o)
    0x08000170   0x08000170   0x00000000   Code   RO         3015    .ARM.Collect$$libshutdown$$00000002  c_w.l(libshutdown2.o)
    0x08000170   0x08000170   0x00000000   Code   RO         3017    .ARM.Collect$$libshutdown$$00000004  c_w.l(libshutdown2.o)
    0x08000170   0x08000170   0x00000000   Code   RO         3020    .ARM.Collect$$libshutdown$$00000007  c_w.l(libshutdown2.o)
    0x08000170   0x08000170   0x00000000   Code   RO         3023    .ARM.Collect$$libshutdown$$0000000A  c_w.l(libshutdown2.o)
    0x08000170   0x08000170   0x00000000   Code   RO         3025    .ARM.Collect$$libshutdown$$0000000C  c_w.l(libshutdown2.o)
    0x08000170   0x08000170   0x00000000   Code   RO         3028    .ARM.Collect$$libshutdown$$0000000F  c_w.l(libshutdown2.o)
    0x08000170   0x08000170   0x00000002   Code   RO         3029    .ARM.Collect$$libshutdown$$00000010  c_w.l(libshutdown2.o)
    0x08000172   0x08000172   0x00000000   Code   RO         2889    .ARM.Collect$$rtentry$$00000000  c_w.l(__rtentry.o)
    0x08000172   0x08000172   0x00000000   Code   RO         2907    .ARM.Collect$$rtentry$$00000002  c_w.l(__rtentry2.o)
    0x08000172   0x08000172   0x00000006   Code   RO         2919    .ARM.Collect$$rtentry$$00000004  c_w.l(__rtentry4.o)
    0x08000178   0x08000178   0x00000000   Code   RO         2909    .ARM.Collect$$rtentry$$00000009  c_w.l(__rtentry2.o)
    0x08000178   0x08000178   0x00000004   Code   RO         2910    .ARM.Collect$$rtentry$$0000000A  c_w.l(__rtentry2.o)
    0x0800017c   0x0800017c   0x00000000   Code   RO         2912    .ARM.Collect$$rtentry$$0000000C  c_w.l(__rtentry2.o)
    0x0800017c   0x0800017c   0x00000008   Code   RO         2913    .ARM.Collect$$rtentry$$0000000D  c_w.l(__rtentry2.o)
    0x08000184   0x08000184   0x00000002   Code   RO         2936    .ARM.Collect$$rtexit$$00000000  c_w.l(rtexit.o)
    0x08000186   0x08000186   0x00000000   Code   RO         2984    .ARM.Collect$$rtexit$$00000002  c_w.l(rtexit2.o)
    0x08000186   0x08000186   0x00000004   Code   RO         2985    .ARM.Collect$$rtexit$$00000003  c_w.l(rtexit2.o)
    0x0800018a   0x0800018a   0x00000006   Code   RO         2986    .ARM.Collect$$rtexit$$00000004  c_w.l(rtexit2.o)
    0x08000190   0x08000190   0x00000040   Code   RO            4    .text               startup_stm32f103xb.o
    0x080001d0   0x080001d0   0x0000002c   Code   RO         2821    .text               c_w.l(__2sprintf.o)
    0x080001fc   0x080001fc   0x00000068   Code   RO         2825    .text               c_w.l(__printf.o)
    0x08000264   0x08000264   0x00000078   Code   RO         2827    .text               c_w.l(_printf_dec.o)
    0x080002dc   0x080002dc   0x0000004e   Code   RO         2853    .text               c_w.l(rt_memclr_w.o)
    0x0800032a   0x0800032a   0x00000002   PAD
    0x0800032c   0x0800032c   0x00000080   Code   RO         2855    .text               c_w.l(strcmpv7m.o)
    0x080003ac   0x080003ac   0x00000006   Code   RO         2857    .text               c_w.l(heapauxi.o)
    0x080003b2   0x080003b2   0x000000b2   Code   RO         2890    .text               c_w.l(_printf_intcommon.o)
    0x08000464   0x08000464   0x00000030   Code   RO         2892    .text               c_w.l(_printf_char_common.o)
    0x08000494   0x08000494   0x0000000a   Code   RO         2894    .text               c_w.l(_sputc.o)
    0x0800049e   0x0800049e   0x0000004a   Code   RO         2923    .text               c_w.l(sys_stackheap_outer.o)
    0x080004e8   0x080004e8   0x00000012   Code   RO         2925    .text               c_w.l(exit.o)
    0x080004fa   0x080004fa   0x00000002   PAD
    0x080004fc   0x080004fc   0x00000008   Code   RO         2933    .text               c_w.l(libspace.o)
    0x08000504   0x08000504   0x0000000c   Code   RO         2994    .text               c_w.l(sys_exit.o)
    0x08000510   0x08000510   0x00000002   Code   RO         3005    .text               c_w.l(use_no_semi.o)
    0x08000512   0x08000512   0x00000000   Code   RO         3007    .text               c_w.l(indicate_semi.o)
    0x08000512   0x08000512   0x0000004a   Code   RO          517    i.ADC_ConversionStop_Disable  stm32f1xx_hal_adc.o
    0x0800055c   0x0800055c   0x00000070   Code   RO          521    i.ADC_Enable        stm32f1xx_hal_adc.o
    0x080005cc   0x080005cc   0x00000002   Code   RO          388    i.BusFault_Handler  stm32f1xx_it.o
    0x080005ce   0x080005ce   0x00000002   PAD
    0x080005d0   0x080005d0   0x00000088   Code   RO          294    i.DHT11_Read        main.o
    0x08000658   0x08000658   0x000000a0   Code   RO          295    i.DHT11_Start       main.o
    0x080006f8   0x080006f8   0x00000002   Code   RO          389    i.DebugMon_Handler  stm32f1xx_it.o
    0x080006fa   0x080006fa   0x00000006   Code   RO          390    i.EXTI3_IRQHandler  stm32f1xx_it.o
    0x08000700   0x08000700   0x00000168   Code   RO          523    i.HAL_ADC_ConfigChannel  stm32f1xx_hal_adc.o
    0x08000868   0x08000868   0x00000006   Code   RO          530    i.HAL_ADC_GetValue  stm32f1xx_hal_adc.o
    0x0800086e   0x0800086e   0x00000002   PAD
    0x08000870   0x08000870   0x00000134   Code   RO          532    i.HAL_ADC_Init      stm32f1xx_hal_adc.o
    0x080009a4   0x080009a4   0x00000040   Code   RO          458    i.HAL_ADC_MspInit   stm32f1xx_hal_msp.o
    0x080009e4   0x080009e4   0x00000130   Code   RO          536    i.HAL_ADC_PollForConversion  stm32f1xx_hal_adc.o
    0x08000b14   0x08000b14   0x000000c0   Code   RO          538    i.HAL_ADC_Start     stm32f1xx_hal_adc.o
    0x08000bd4   0x08000bd4   0x00000034   Code   RO          541    i.HAL_ADC_Stop      stm32f1xx_hal_adc.o
    0x08000c08   0x08000c08   0x00000016   Code   RO          800    i.HAL_Delay         stm32f1xx_hal.o
    0x08000c1e   0x08000c1e   0x00000002   PAD
    0x08000c20   0x08000c20   0x000000a0   Code   RO          296    i.HAL_GPIO_EXTI_Callback  main.o
    0x08000cc0   0x08000cc0   0x00000018   Code   RO         1070    i.HAL_GPIO_EXTI_IRQHandler  stm32f1xx_hal_gpio.o
    0x08000cd8   0x08000cd8   0x000001c8   Code   RO         1071    i.HAL_GPIO_Init     stm32f1xx_hal_gpio.o
    0x08000ea0   0x08000ea0   0x0000000a   Code   RO         1073    i.HAL_GPIO_ReadPin  stm32f1xx_hal_gpio.o
    0x08000eaa   0x08000eaa   0x0000000a   Code   RO         1075    i.HAL_GPIO_WritePin  stm32f1xx_hal_gpio.o
    0x08000eb4   0x08000eb4   0x0000000c   Code   RO          804    i.HAL_GetTick       stm32f1xx_hal.o
    0x08000ec0   0x08000ec0   0x00000010   Code   RO          805    i.HAL_IncTick       stm32f1xx_hal.o
    0x08000ed0   0x08000ed0   0x00000024   Code   RO          806    i.HAL_Init          stm32f1xx_hal.o
    0x08000ef4   0x08000ef4   0x00000022   Code   RO          807    i.HAL_InitTick      stm32f1xx_hal.o
    0x08000f16   0x08000f16   0x00000002   PAD
    0x08000f18   0x08000f18   0x0000006c   Code   RO          459    i.HAL_MspInit       stm32f1xx_hal_msp.o
    0x08000f84   0x08000f84   0x00000016   Code   RO         1213    i.HAL_NVIC_EnableIRQ  stm32f1xx_hal_cortex.o
    0x08000f9a   0x08000f9a   0x00000002   PAD
    0x08000f9c   0x08000f9c   0x00000040   Code   RO         1219    i.HAL_NVIC_SetPriority  stm32f1xx_hal_cortex.o
    0x08000fdc   0x08000fdc   0x00000024   Code   RO         1220    i.HAL_NVIC_SetPriorityGrouping  stm32f1xx_hal_cortex.o
    0x08001000   0x08001000   0x00000020   Code   RO         1340    i.HAL_PWR_EnterSLEEPMode  stm32f1xx_hal_pwr.o
    0x08001020   0x08001020   0x000000f0   Code   RO         1033    i.HAL_RCCEx_GetPeriphCLKFreq  stm32f1xx_hal_rcc_ex.o
    0x08001110   0x08001110   0x00000128   Code   RO         1034    i.HAL_RCCEx_PeriphCLKConfig  stm32f1xx_hal_rcc_ex.o
    0x08001238   0x08001238   0x00000002   Code   RO          927    i.HAL_RCC_CSSCallback  stm32f1xx_hal_rcc.o
    0x0800123a   0x0800123a   0x00000002   PAD
    0x0800123c   0x0800123c   0x00000264   Code   RO          928    i.HAL_RCC_ClockConfig  stm32f1xx_hal_rcc.o
    0x080014a0   0x080014a0   0x00000034   Code   RO          933    i.HAL_RCC_GetHCLKFreq  stm32f1xx_hal_rcc.o
    0x080014d4   0x080014d4   0x0000002c   Code   RO          936    i.HAL_RCC_GetPCLK2Freq  stm32f1xx_hal_rcc.o
    0x08001500   0x08001500   0x00000088   Code   RO          937    i.HAL_RCC_GetSysClockFreq  stm32f1xx_hal_rcc.o
    0x08001588   0x08001588   0x00000018   Code   RO          939    i.HAL_RCC_NMI_IRQHandler  stm32f1xx_hal_rcc.o
    0x080015a0   0x080015a0   0x0000064c   Code   RO          940    i.HAL_RCC_OscConfig  stm32f1xx_hal_rcc.o
    0x08001bec   0x08001bec   0x0000000e   Code   RO          810    i.HAL_ResumeTick    stm32f1xx_hal.o
    0x08001bfa   0x08001bfa   0x00000006   Code   RO         1647    i.HAL_SPI_GetState  stm32f1xx_hal_spi.o
    0x08001c00   0x08001c00   0x00000088   Code   RO         1886    i.HAL_SPI_Init      stm32f1xx_hal_spi_ex.o
    0x08001c88   0x08001c88   0x00000058   Code   RO          461    i.HAL_SPI_MspInit   stm32f1xx_hal_msp.o
    0x08001ce0   0x08001ce0   0x000001ec   Code   RO         1652    i.HAL_SPI_Receive   stm32f1xx_hal_spi.o
    0x08001ecc   0x08001ecc   0x00000146   Code   RO         1657    i.HAL_SPI_Transmit  stm32f1xx_hal_spi.o
    0x08002012   0x08002012   0x000002b2   Code   RO         1658    i.HAL_SPI_TransmitReceive  stm32f1xx_hal_spi.o
    0x080022c4   0x080022c4   0x00000018   Code   RO         1222    i.HAL_SYSTICK_CLKSourceConfig  stm32f1xx_hal_cortex.o
    0x080022dc   0x080022dc   0x00000002   Code   RO         1223    i.HAL_SYSTICK_Callback  stm32f1xx_hal_cortex.o
    0x080022de   0x080022de   0x00000028   Code   RO         1224    i.HAL_SYSTICK_Config  stm32f1xx_hal_cortex.o
    0x08002306   0x08002306   0x00000008   Code   RO         1225    i.HAL_SYSTICK_IRQHandler  stm32f1xx_hal_cortex.o
    0x0800230e   0x0800230e   0x0000000e   Code   RO          811    i.HAL_SuspendTick   stm32f1xx_hal.o
    0x0800231c   0x0800231c   0x00000050   Code   RO         2567    i.HAL_TIMEx_MasterConfigSynchronization  stm32f1xx_hal_tim_ex.o
    0x0800236c   0x0800236c   0x00000036   Code   RO         1921    i.HAL_TIM_Base_Init  stm32f1xx_hal_tim.o
    0x080023a2   0x080023a2   0x00000002   PAD
    0x080023a4   0x080023a4   0x00000028   Code   RO          463    i.HAL_TIM_Base_MspInit  stm32f1xx_hal_msp.o
    0x080023cc   0x080023cc   0x0000001a   Code   RO         1924    i.HAL_TIM_Base_Start  stm32f1xx_hal_tim.o
    0x080023e6   0x080023e6   0x000000f0   Code   RO         1930    i.HAL_TIM_ConfigClockSource  stm32f1xx_hal_tim.o
    0x080024d6   0x080024d6   0x00000002   Code   RO          391    i.HardFault_Handler  stm32f1xx_it.o
    0x080024d8   0x080024d8   0x00000056   Code   RO          135    i.LoRa_BurstWrite   lora.o
    0x0800252e   0x0800252e   0x00000066   Code   RO          137    i.LoRa_gotoMode     lora.o
    0x08002594   0x08002594   0x000000de   Code   RO          138    i.LoRa_init         lora.o
    0x08002672   0x08002672   0x0000001e   Code   RO          140    i.LoRa_read         lora.o
    0x08002690   0x08002690   0x00000058   Code   RO          141    i.LoRa_readReg      lora.o
    0x080026e8   0x080026e8   0x0000007e   Code   RO          142    i.LoRa_receive      lora.o
    0x08002766   0x08002766   0x00000028   Code   RO          143    i.LoRa_reset        lora.o
    0x0800278e   0x0800278e   0x00000040   Code   RO          144    i.LoRa_setFrequency  lora.o
    0x080027ce   0x080027ce   0x00000044   Code   RO          145    i.LoRa_setOCP       lora.o
    0x08002812   0x08002812   0x00000014   Code   RO          146    i.LoRa_setPower     lora.o
    0x08002826   0x08002826   0x0000003a   Code   RO          147    i.LoRa_setSpreadingFactor  lora.o
    0x08002860   0x08002860   0x00000020   Code   RO          148    i.LoRa_setTOMsb_setCRCon  lora.o
    0x08002880   0x08002880   0x00000006   Code   RO          149    i.LoRa_startReceiving  lora.o
    0x08002886   0x08002886   0x00000084   Code   RO          150    i.LoRa_transmit     lora.o
    0x0800290a   0x0800290a   0x0000001e   Code   RO          151    i.LoRa_write        lora.o
    0x08002928   0x08002928   0x00000058   Code   RO          152    i.LoRa_writeReg     lora.o
    0x08002980   0x08002980   0x000000f0   Code   RO          297    i.MX_GPIO_Init      main.o
    0x08002a70   0x08002a70   0x00000038   Code   RO          298    i.MX_SPI1_Init      main.o
    0x08002aa8   0x08002aa8   0x00000048   Code   RO          299    i.MX_TIM1_Init      main.o
    0x08002af0   0x08002af0   0x00000002   Code   RO          392    i.MemManage_Handler  stm32f1xx_it.o
    0x08002af2   0x08002af2   0x00000004   Code   RO          393    i.NMI_Handler       stm32f1xx_it.o
    0x08002af6   0x08002af6   0x00000020   Code   RO         1226    i.NVIC_SetPriority  stm32f1xx_hal_cortex.o
    0x08002b16   0x08002b16   0x00000002   PAD
    0x08002b18   0x08002b18   0x00000074   Code   RO          266    i.Read_soil_moisture_value  soil_moisture.o
    0x08002b8c   0x08002b8c   0x00000004   Code   RO         1887    i.SPI_ISCRCErrorValid  stm32f1xx_hal_spi_ex.o
    0x08002b90   0x08002b90   0x0000009e   Code   RO         1680    i.SPI_WaitOnFlagUntilTimeout  stm32f1xx_hal_spi.o
    0x08002c2e   0x08002c2e   0x0000000e   Code   RO          394    i.SysTick_Handler   stm32f1xx_it.o
    0x08002c3c   0x08002c3c   0x0000006a   Code   RO          300    i.SystemClock_Config  main.o
    0x08002ca6   0x08002ca6   0x00000002   PAD
    0x08002ca8   0x08002ca8   0x00000048   Code   RO         2784    i.SystemInit        system_stm32f1xx.o
    0x08002cf0   0x08002cf0   0x00000064   Code   RO         2005    i.TIM_Base_SetConfig  stm32f1xx_hal_tim.o
    0x08002d54   0x08002d54   0x00000014   Code   RO         2012    i.TIM_ETR_SetConfig  stm32f1xx_hal_tim.o
    0x08002d68   0x08002d68   0x00000010   Code   RO         2013    i.TIM_ITRx_SetConfig  stm32f1xx_hal_tim.o
    0x08002d78   0x08002d78   0x00000022   Code   RO         2019    i.TIM_TI1_ConfigInputStage  stm32f1xx_hal_tim.o
    0x08002d9a   0x08002d9a   0x00000024   Code   RO         2021    i.TIM_TI2_ConfigInputStage  stm32f1xx_hal_tim.o
    0x08002dbe   0x08002dbe   0x00000002   Code   RO          395    i.UsageFault_Handler  stm32f1xx_it.o
    0x08002dc0   0x08002dc0   0x00000018   Code   RO           13    i.delay_us          dht11.o
    0x08002dd8   0x08002dd8   0x00000294   Code   RO          301    i.main              main.o
    0x0800306c   0x0800306c   0x00000016   Code   RO          302    i.map               main.o
    0x08003082   0x08003082   0x00000002   PAD
    0x08003084   0x08003084   0x000000e0   Code   RO          303    i.value_handle      main.o
    0x08003164   0x08003164   0x00000062   Code   RO         2861    x$fpl$d2f           fz_ws.l(d2f.o)
    0x080031c6   0x080031c6   0x00000002   PAD
    0x080031c8   0x080031c8   0x000002b0   Code   RO         2864    x$fpl$ddiv          fz_ws.l(ddiv.o)
    0x08003478   0x08003478   0x00000026   Code   RO         2867    x$fpl$dfltu         fz_ws.l(dflt_clz.o)
    0x0800349e   0x0800349e   0x0000009c   Code   RO         2897    x$fpl$dnaninf       fz_ws.l(dnaninf.o)
    0x0800353a   0x0800353a   0x0000000c   Code   RO         2899    x$fpl$dretinf       fz_ws.l(dretinf.o)
    0x08003546   0x08003546   0x00000002   PAD
    0x08003548   0x08003548   0x000000c4   Code   RO         2873    x$fpl$fadd          fz_ws.l(faddsub_clz.o)
    0x0800360c   0x0800360c   0x00000036   Code   RO         2879    x$fpl$ffix          fz_ws.l(ffix.o)
    0x08003642   0x08003642   0x00000002   PAD
    0x08003644   0x08003644   0x00000030   Code   RO         2884    x$fpl$fflt          fz_ws.l(fflt_clz.o)
    0x08003674   0x08003674   0x00000026   Code   RO         2883    x$fpl$ffltu         fz_ws.l(fflt_clz.o)
    0x0800369a   0x0800369a   0x0000008c   Code   RO         2901    x$fpl$fnaninf       fz_ws.l(fnaninf.o)
    0x08003726   0x08003726   0x0000000a   Code   RO         2903    x$fpl$fretinf       fz_ws.l(fretinf.o)
    0x08003730   0x08003730   0x000000ea   Code   RO         2875    x$fpl$fsub          fz_ws.l(faddsub_clz.o)
    0x0800381a   0x0800381a   0x00000000   Code   RO         2905    x$fpl$usenofp       fz_ws.l(usenofp.o)
    0x0800381a   0x0800381a   0x00000010   Data   RO          941    .constdata          stm32f1xx_hal_rcc.o
    0x0800382a   0x0800382a   0x00000002   PAD
    0x0800382c   0x0800382c   0x00000020   Data   RO         3060    Region$$Table       anon$$obj.o


    Execution Region RW_IRAM1 (Exec base: 0x20000000, Load base: 0x0800384c, Size: 0x00000820, Max: 0x00005000, ABSOLUTE)

    Exec Addr    Load Addr    Size         Type   Attr      Idx    E Section Name        Object

    0x20000000   0x0800384c   0x00000034   Data   RW          305    .data               main.o
    0x20000034   0x08003880   0x00000004   Data   RW          812    .data               stm32f1xx_hal.o
    0x20000038   0x08003884   0x00000001   Data   RW         1888    .data               stm32f1xx_hal_spi_ex.o
    0x20000039   0x08003885   0x00000003   PAD
    0x2000003c   0x08003888   0x00000004   Data   RW         2786    .data               system_stm32f1xx.o
    0x20000040        -       0x0000017a   Zero   RW          304    .bss                main.o
    0x200001ba   0x0800388c   0x00000002   PAD
    0x200001bc        -       0x00000060   Zero   RW         2934    .bss                c_w.l(libspace.o)
    0x2000021c   0x0800388c   0x00000004   PAD
    0x20000220        -       0x00000200   Zero   RW            2    HEAP                startup_stm32f103xb.o
    0x20000420        -       0x00000400   Zero   RW            1    STACK               startup_stm32f103xb.o


==============================================================================

Image component sizes


      Code (inc. data)   RO Data    RW Data    ZI Data      Debug   Object Name

        24          6          0          0          0     268095   dht11.o
      1192          0          0          0          0      12688   lora.o
      1836        204          0         52        378       8291   main.o
       116          4          0          0          0        955   soil_moisture.o
        64         26        236          0       1536        820   startup_stm32f103xb.o
       148         16          0          4          0       4681   stm32f1xx_hal.o
      1408         56          0          0          0       7391   stm32f1xx_hal_adc.o
       228         14          0          0          0      27457   stm32f1xx_hal_cortex.o
       500         40          0          0          0       4310   stm32f1xx_hal_gpio.o
       300         48          0          0          0       2729   stm32f1xx_hal_msp.o
        32          6          0          0          0        625   stm32f1xx_hal_pwr.o
      2482         82         16          0          0       7000   stm32f1xx_hal_rcc.o
       536         46          0          0          0       2573   stm32f1xx_hal_rcc_ex.o
      1672          0          0          0          0       6010   stm32f1xx_hal_spi.o
       140          4          0          1          0       1968   stm32f1xx_hal_spi_ex.o
       526         14          0          0          0       6678   stm32f1xx_hal_tim.o
        80          0          0          0          0       1296   stm32f1xx_hal_tim_ex.o
        34          0          0          0          0       3514   stm32f1xx_it.o
        72         16          0          4          0       1125   system_stm32f1xx.o

    ----------------------------------------------------------------------
     11410        582        286         64       1916     368206   Object Totals
         0          0         32          0          0          0   (incl. Generated)
        20          0          2          3          2          0   (incl. Padding)

    ----------------------------------------------------------------------

      Code (inc. data)   RO Data    RW Data    ZI Data      Debug   Library Member Name

        44          6          0          0          0         84   __2sprintf.o
         8          0          0          0          0         68   __main.o
       104          0          0          0          0         84   __printf.o
         0          0          0          0          0          0   __rtentry.o
        12          0          0          0          0          0   __rtentry2.o
         6          0          0          0          0          0   __rtentry4.o
        52          8          0          0          0          0   __scatter.o
        26          0          0          0          0          0   __scatter_copy.o
        28          0          0          0          0          0   __scatter_zi.o
        48          6          0          0          0         96   _printf_char_common.o
         6          0          0          0          0          0   _printf_d.o
       120         16          0          0          0         92   _printf_dec.o
       178          0          0          0          0         88   _printf_intcommon.o
         0          0          0          0          0          0   _printf_percent.o
         4          0          0          0          0          0   _printf_percent_end.o
        10          0          0          0          0         68   _sputc.o
        18          0          0          0          0         80   exit.o
         6          0          0          0          0        152   heapauxi.o
         0          0          0          0          0          0   indicate_semi.o
         2          0          0          0          0          0   libinit.o
         2          0          0          0          0          0   libinit2.o
         2          0          0          0          0          0   libshutdown.o
         2          0          0          0          0          0   libshutdown2.o
         8          4          0          0         96         68   libspace.o
        78          0          0          0          0         80   rt_memclr_w.o
         2          0          0          0          0          0   rtexit.o
        10          0          0          0          0          0   rtexit2.o
       128          0          0          0          0         68   strcmpv7m.o
        12          4          0          0          0         68   sys_exit.o
        74          0          0          0          0         80   sys_stackheap_outer.o
         2          0          0          0          0         68   use_no_semi.o
        98          4          0          0          0         92   d2f.o
       688        140          0          0          0        208   ddiv.o
        38          0          0          0          0         68   dflt_clz.o
       156          4          0          0          0         92   dnaninf.o
        12          0          0          0          0         68   dretinf.o
       430          8          0          0          0        168   faddsub_clz.o
        54          4          0          0          0         84   ffix.o
        86          0          0          0          0        136   fflt_clz.o
       140          4          0          0          0         84   fnaninf.o
        10          0          0          0          0         68   fretinf.o
         0          0          0          0          0          0   usenofp.o

    ----------------------------------------------------------------------
      2716        208          0          0        100       2312   Library Totals
        12          0          0          0          4          0   (incl. Padding)

    ----------------------------------------------------------------------

      Code (inc. data)   RO Data    RW Data    ZI Data      Debug   Library Name

       992         44          0          0         96       1244   c_w.l
      1712        164          0          0          0       1068   fz_ws.l

    ----------------------------------------------------------------------
      2716        208          0          0        100       2312   Library Totals

    ----------------------------------------------------------------------

==============================================================================


      Code (inc. data)   RO Data    RW Data    ZI Data      Debug   

     14126        790        286         64       2016     364742   Grand Totals
     14126        790        286         64       2016     364742   ELF Image Totals
     14126        790        286         64          0          0   ROM Totals

==============================================================================

    Total RO  Size (Code + RO Data)                14412 (  14.07kB)
    Total RW  Size (RW Data + ZI Data)              2080 (   2.03kB)
    Total ROM Size (Code + RO Data + RW Data)      14476 (  14.14kB)

==============================================================================

